8.9987 	INFO 	Loaded monitor calibration from ['2025_08_12 09:52']
9.0179 	WARNING 	User requested fullscreen with size [1024  768], but screen is actually [2560, 1600]. Using actual size
9.5175 	INFO 	Using renderer 'Intel(R) Arc(TM) Graphics' for graphics
9.5176 	INFO 	OpenGL version supported by driver is 4..
9.5510 	EXP 	Created window1 = Window(allowGUI=False, allowStencil=False, autoLog=True, backendConf=UNKNOWN, backgroundFit=<method-wrapper '__getattribute__' of attributeSetter object at 0x000001E85E7AED40>, backgroundImage=<method-wrapper '__getattribute__' of attributeSetter object at 0x000001E85E7AECE0>, bitsMode=UNKNOWN, blendMode='avg', bpc=(8, 8, 8), color=array([0, 0, 0]), colorSpace='rgb', depthBits=8, fullscr=True, gamma=None, gammaErrorPolicy='raise', infoMsg=UNKNOWN, lms=UNKNOWN, monitor=<psychopy.monitors.calibTools.Monitor object at 0x000001E85E89A830>, multiSample=False, name='window1', numSamples=2, pos=[np.float64(0.0), np.float64(0.0)], screen=0, size=array([2560, 1600]), stencilBits=0, stereo=False, title='PsychoPy', units='height', useFBO=True, useRetina=False, viewOri=0.0, viewPos=None, viewScale=None, waitBlanking=True, winType='pyglet')
9.5511 	EXP 	window1: backgroundImage = ''
9.5511 	EXP 	window1: backgroundFit = 'none'
10.0615 	EXP 	window1: Attempting to measure frame rate of screen (0) ...
10.0618 	EXP 	window1: recordFrameIntervals = False
10.2045 	EXP 	window1: recordFrameIntervals = True
10.3891 	EXP 	Screen (0) actual frame rate measured at 59.79Hz
10.3892 	EXP 	window1: recordFrameIntervals = False
10.6615 	INFO 	keyboard.Keyboard is using ptb backend.
10.6618 	INFO 	keyboard.Keyboard is using ptb backend.
10.6618 	EXP 	stroop: status = STARTED
10.7605 	EXP 	Created text_2 = TextStim(__class__=<class 'psychopy.visual.text.TextStim'>, alignHoriz=method-wrapper(...), alignText='center', alignVert=method-wrapper(...), anchorHoriz='center', anchorVert='center', antialias=True, autoDraw=False, autoLog=True, bold=False, color=array([1., 1., 1.]), colorSpace='rgb', contrast=1.0, depth=0.0, draggable=False, flipHoriz=False, flipVert=False, font='Arial', fontFiles=[], height=np.float64(0.05), italic=False, languageStyle='LTR', name='text_2', opacity=1, ori=0.0, pos=array([0., 0.]), rgb=UNKNOWN, text='Welcome', units='height', win=Window(...), wrapWidth=1)
10.7648 	EXP 	Created circle = ShapeStim(__class__=<class 'psychopy.visual.shape.ShapeStim'>, anchor=('center', 'center'), autoDraw=False, autoLog=True, closeShape=True, color=method-wrapper(...), colorSpace='rgb', contrast=None, depth=0.0, draggable=False, fillColor=array([1, 1, 1]), fillColorSpace='rgb', fillRGB=array([1, 1, 1]), interpolate=True, lineColor=array([1., 1., 1.]), lineColorSpace='rgb', lineRGB=array([1, 1, 1]), lineWidth=1.0, name='circle', opacity=1, ori=0.0, pos=array([0., 0.]), size=array([10., 10.]), units='pix', vertices=ndarray(...), win=Window(...), windingRule=None)
10.7658 	EXP 	Created text = TextStim(__class__=<class 'psychopy.visual.text.TextStim'>, alignHoriz=method-wrapper(...), alignText='center', alignVert=method-wrapper(...), anchorHoriz='center', anchorVert='center', antialias=True, autoDraw=False, autoLog=True, bold=False, color=array([1., 1., 1.]), colorSpace='rgb', contrast=1.0, depth=-1.0, draggable=False, flipHoriz=False, flipVert=False, font='Arial', fontFiles=[], height=0.05, italic=False, languageStyle='LTR', name='text', opacity=1, ori=0.0, pos=array([0., 0.]), rgb=UNKNOWN, text='', units='height', win=Window(...), wrapWidth=1)
10.7777 	EXP 	Created text_3 = TextStim(__class__=<class 'psychopy.visual.text.TextStim'>, alignHoriz=method-wrapper(...), alignText='center', alignVert=method-wrapper(...), anchorHoriz='center', anchorVert='center', antialias=True, autoDraw=False, autoLog=True, bold=False, color=array([1., 1., 1.]), colorSpace='rgb', contrast=1.0, depth=0.0, draggable=False, flipHoriz=False, flipVert=False, font='Arial', fontFiles=[], height=np.float64(0.05), italic=False, languageStyle='LTR', name='text_3', opacity=1, ori=0.0, pos=array([0., 0.]), rgb=UNKNOWN, text='Thank You ', units='height', win=Window(...), wrapWidth=1)
0.0058 	EXP 	text_2: autoDraw = True
1.0018 	EXP 	Imported C:/Users/bhumika/Downloads/condition.xlsx as conditions, 4 conditions, 4 params
1.0026 	EXP 	New trial (rep=0, index=0): <Trial 0 (0 in rep 0) data={'word': 'RED', 'colour': 'blue', 'stim_condition': 'I', 'correct_res': 'b', 'thisN': 0, 'thisTrialN': 0, 'thisRepN': 0}>
1.0160 	EXP 	text_2: autoDraw = False
1.0160 	EXP 	text_2: autoDraw = False
1.0160 	EXP 	text: foreColor = <psychopy.colors.Color: blue, alpha=1.0>
1.0160 	EXP 	text: height = np.float64(0.05)
1.0160 	EXP 	text: height = np.float64(0.05)
1.0160 	EXP 	text: height = np.float64(0.05)
1.0160 	EXP 	text: text = 'RED'
1.0160 	EXP 	circle: autoDraw = True
1.5069 	INFO 	Keyboard events cleared
1.5067 	EXP 	circle: autoDraw = False
1.5067 	EXP 	text: autoDraw = True
2.2331 	EXP 	Device response: <KeyPress from None: t=2.2154423999600112, value=b, duration=None>
2.2335 	EXP 	New trial (rep=0, index=1): <Trial 1 (1 in rep 0) data={'word': 'BLUE', 'colour': 'red', 'stim_condition': 'I', 'correct_res': 'r', 'thisN': 1, 'thisTrialN': 1, 'thisRepN': 0}>
2.2460 	DATA 	Keypress: b
2.2485 	EXP 	circle: autoDraw = False
2.2485 	EXP 	text: autoDraw = False
2.2485 	EXP 	text: foreColor = <psychopy.colors.Color: red, alpha=1.0>
2.2485 	EXP 	text: height = np.float64(0.05)
2.2485 	EXP 	text: height = np.float64(0.05)
2.2485 	EXP 	text: height = np.float64(0.05)
2.2485 	EXP 	text: text = 'BLUE'
2.2485 	EXP 	circle: autoDraw = True
2.3746 	EXP 	Device response: <KeyPress from None: t=2.2154423999600112, value=b, duration=0.1447393000125885>
2.7409 	INFO 	Keyboard events cleared
2.7406 	EXP 	circle: autoDraw = False
2.7406 	EXP 	text: autoDraw = True
3.3410 	EXP 	Device response: <KeyPress from None: t=3.330207699968014, value=r, duration=None>
3.3414 	EXP 	New trial (rep=0, index=2): <Trial 2 (2 in rep 0) data={'word': 'BLUE', 'colour': 'blue', 'stim_condition': 'C', 'correct_res': 'b', 'thisN': 2, 'thisTrialN': 2, 'thisRepN': 0}>
3.3440 	DATA 	Keypress: r
3.3572 	EXP 	circle: autoDraw = False
3.3572 	EXP 	text: autoDraw = False
3.3572 	EXP 	text: foreColor = <psychopy.colors.Color: blue, alpha=1.0>
3.3572 	EXP 	text: text = 'BLUE'
3.3572 	EXP 	circle: autoDraw = True
3.4914 	EXP 	Device response: <KeyPress from None: t=3.330207699968014, value=r, duration=0.14951529999962077>
3.8407 	INFO 	Keyboard events cleared
3.8405 	EXP 	circle: autoDraw = False
3.8405 	EXP 	text: autoDraw = True
4.3575 	EXP 	Device response: <KeyPress from None: t=4.353983899985906, value=b, duration=None>
4.3579 	EXP 	New trial (rep=0, index=3): <Trial 3 (3 in rep 0) data={'word': 'RED', 'colour': 'red', 'stim_condition': 'C', 'correct_res': 'r', 'thisN': 3, 'thisTrialN': 3, 'thisRepN': 0}>
4.3629 	DATA 	Keypress: b
4.3737 	EXP 	circle: autoDraw = False
4.3737 	EXP 	text: autoDraw = False
4.3737 	EXP 	text: foreColor = <psychopy.colors.Color: red, alpha=1.0>
4.3737 	EXP 	text: height = np.float64(0.05)
4.3737 	EXP 	text: height = np.float64(0.05)
4.3737 	EXP 	text: height = np.float64(0.05)
4.3737 	EXP 	text: text = 'RED'
4.3737 	EXP 	circle: autoDraw = True
4.4744 	EXP 	Device response: <KeyPress from None: t=4.353983899985906, value=b, duration=0.10904309997567907>
4.8737 	INFO 	Keyboard events cleared
4.8736 	EXP 	circle: autoDraw = False
4.8736 	EXP 	text: autoDraw = True
5.3583 	EXP 	Device response: <KeyPress from None: t=5.349440499965567, value=r, duration=None>
5.3589 	EXP 	New trial (rep=1, index=0): <Trial 4 (0 in rep 1) data={'word': 'RED', 'colour': 'red', 'stim_condition': 'C', 'correct_res': 'r', 'thisN': 4, 'thisTrialN': 0, 'thisRepN': 1}>
5.3630 	DATA 	Keypress: r
5.3737 	EXP 	circle: autoDraw = False
5.3737 	EXP 	text: autoDraw = False
5.3737 	EXP 	text: foreColor = <psychopy.colors.Color: red, alpha=1.0>
5.3737 	EXP 	text: text = 'RED'
5.3737 	EXP 	circle: autoDraw = True
5.5080 	EXP 	Device response: <KeyPress from None: t=5.349440499965567, value=r, duration=0.15651350002735853>
5.8738 	INFO 	Keyboard events cleared
5.8734 	EXP 	circle: autoDraw = False
5.8734 	EXP 	text: autoDraw = True
6.3582 	EXP 	Device response: <KeyPress from None: t=6.347910100012086, value=r, duration=None>
6.3589 	EXP 	New trial (rep=1, index=1): <Trial 5 (1 in rep 1) data={'word': 'BLUE', 'colour': 'red', 'stim_condition': 'I', 'correct_res': 'r', 'thisN': 5, 'thisTrialN': 1, 'thisRepN': 1}>
6.3699 	DATA 	Keypress: r
6.3737 	EXP 	circle: autoDraw = False
6.3737 	EXP 	text: autoDraw = False
6.3737 	EXP 	text: foreColor = <psychopy.colors.Color: red, alpha=1.0>
6.3737 	EXP 	text: height = np.float64(0.05)
6.3737 	EXP 	text: height = np.float64(0.05)
6.3737 	EXP 	text: height = np.float64(0.05)
6.3737 	EXP 	text: text = 'BLUE'
6.3737 	EXP 	circle: autoDraw = True
6.4921 	EXP 	Device response: <KeyPress from None: t=6.347910100012086, value=r, duration=0.1284786999458447>
6.8738 	INFO 	Keyboard events cleared
6.8733 	EXP 	circle: autoDraw = False
6.8733 	EXP 	text: autoDraw = True
7.2744 	EXP 	Device response: <KeyPress from None: t=7.271516299981158, value=r, duration=None>
7.2748 	EXP 	New trial (rep=1, index=2): <Trial 6 (2 in rep 1) data={'word': 'RED', 'colour': 'blue', 'stim_condition': 'I', 'correct_res': 'b', 'thisN': 6, 'thisTrialN': 2, 'thisRepN': 1}>
7.2794 	DATA 	Keypress: r
7.2905 	EXP 	circle: autoDraw = False
7.2905 	EXP 	text: autoDraw = False
7.2905 	EXP 	text: foreColor = <psychopy.colors.Color: blue, alpha=1.0>
7.2905 	EXP 	text: height = np.float64(0.05)
7.2905 	EXP 	text: height = np.float64(0.05)
7.2905 	EXP 	text: height = np.float64(0.05)
7.2905 	EXP 	text: text = 'RED'
7.2905 	EXP 	circle: autoDraw = True
7.4244 	EXP 	Device response: <KeyPress from None: t=7.271516299981158, value=r, duration=0.14353810000466183>
7.7733 	INFO 	Keyboard events cleared
7.7731 	EXP 	circle: autoDraw = False
7.7731 	EXP 	text: autoDraw = True
8.3919 	EXP 	Device response: <KeyPress from None: t=8.39060599997174, value=b, duration=None>
8.3924 	EXP 	New trial (rep=1, index=3): <Trial 7 (3 in rep 1) data={'word': 'BLUE', 'colour': 'blue', 'stim_condition': 'C', 'correct_res': 'b', 'thisN': 7, 'thisTrialN': 3, 'thisRepN': 1}>
8.4020 	DATA 	Keypress: b
8.4070 	EXP 	circle: autoDraw = False
8.4070 	EXP 	text: autoDraw = False
8.4070 	EXP 	text: foreColor = <psychopy.colors.Color: blue, alpha=1.0>
8.4070 	EXP 	text: height = np.float64(0.05)
8.4070 	EXP 	text: height = np.float64(0.05)
8.4070 	EXP 	text: height = np.float64(0.05)
8.4070 	EXP 	text: text = 'BLUE'
8.4070 	EXP 	circle: autoDraw = True
8.5414 	EXP 	Device response: <KeyPress from None: t=8.39060599997174, value=b, duration=0.14766620000591502>
8.9074 	INFO 	Keyboard events cleared
8.9071 	EXP 	circle: autoDraw = False
8.9071 	EXP 	text: autoDraw = True
9.2911 	EXP 	Device response: <KeyPress from None: t=9.288960599980783, value=b, duration=None>
9.2917 	EXP 	New trial (rep=2, index=0): <Trial 8 (0 in rep 2) data={'word': 'BLUE', 'colour': 'red', 'stim_condition': 'I', 'correct_res': 'r', 'thisN': 8, 'thisTrialN': 0, 'thisRepN': 2}>
9.2961 	DATA 	Keypress: b
9.3069 	EXP 	circle: autoDraw = False
9.3069 	EXP 	text: autoDraw = False
9.3069 	EXP 	text: foreColor = <psychopy.colors.Color: red, alpha=1.0>
9.3069 	EXP 	text: text = 'BLUE'
9.3069 	EXP 	circle: autoDraw = True
9.4245 	EXP 	Device response: <KeyPress from None: t=9.288960599980783, value=b, duration=0.12471439997898415>
9.8078 	INFO 	Keyboard events cleared
9.8074 	EXP 	circle: autoDraw = False
9.8074 	EXP 	text: autoDraw = True
10.4961 	DATA 	Keypress: r
10.5081 	EXP 	Device response: <KeyPress from None: t=10.49472339998465, value=r, duration=None>
10.5088 	EXP 	New trial (rep=2, index=1): <Trial 9 (1 in rep 2) data={'word': 'RED', 'colour': 'blue', 'stim_condition': 'I', 'correct_res': 'b', 'thisN': 9, 'thisTrialN': 1, 'thisRepN': 2}>
10.5236 	EXP 	circle: autoDraw = False
10.5236 	EXP 	text: autoDraw = False
10.5236 	EXP 	text: foreColor = <psychopy.colors.Color: blue, alpha=1.0>
10.5236 	EXP 	text: height = np.float64(0.05)
10.5236 	EXP 	text: height = np.float64(0.05)
10.5236 	EXP 	text: height = np.float64(0.05)
10.5236 	EXP 	text: text = 'RED'
10.5236 	EXP 	circle: autoDraw = True
10.6747 	EXP 	Device response: <KeyPress from None: t=10.49472339998465, value=r, duration=0.16348719998495653>
11.0240 	INFO 	Keyboard events cleared
11.0237 	EXP 	circle: autoDraw = False
11.0237 	EXP 	text: autoDraw = True
11.7082 	EXP 	Device response: <KeyPress from None: t=11.705690299975686, value=b, duration=None>
11.7088 	EXP 	New trial (rep=2, index=2): <Trial 10 (2 in rep 2) data={'word': 'BLUE', 'colour': 'blue', 'stim_condition': 'C', 'correct_res': 'b', 'thisN': 10, 'thisTrialN': 2, 'thisRepN': 2}>
11.7208 	DATA 	Keypress: b
11.7246 	EXP 	circle: autoDraw = False
11.7246 	EXP 	text: autoDraw = False
11.7246 	EXP 	text: foreColor = <psychopy.colors.Color: blue, alpha=1.0>
11.7246 	EXP 	text: height = np.float64(0.05)
11.7246 	EXP 	text: height = np.float64(0.05)
11.7246 	EXP 	text: height = np.float64(0.05)
11.7246 	EXP 	text: text = 'BLUE'
11.7246 	EXP 	circle: autoDraw = True
11.8581 	EXP 	Device response: <KeyPress from None: t=11.705690299975686, value=b, duration=0.150982599996496>
12.2240 	INFO 	Keyboard events cleared
12.2237 	EXP 	circle: autoDraw = False
12.2237 	EXP 	text: autoDraw = True
12.6294 	DATA 	Keypress: b
12.6416 	EXP 	Device response: <KeyPress from None: t=12.628093699982855, value=b, duration=None>
12.6424 	EXP 	New trial (rep=2, index=3): <Trial 11 (3 in rep 2) data={'word': 'RED', 'colour': 'red', 'stim_condition': 'C', 'correct_res': 'r', 'thisN': 11, 'thisTrialN': 3, 'thisRepN': 2}>
12.6568 	EXP 	circle: autoDraw = False
12.6568 	EXP 	text: autoDraw = False
12.6568 	EXP 	text: foreColor = <psychopy.colors.Color: red, alpha=1.0>
12.6568 	EXP 	text: height = np.float64(0.05)
12.6568 	EXP 	text: height = np.float64(0.05)
12.6568 	EXP 	text: height = np.float64(0.05)
12.6568 	EXP 	text: text = 'RED'
12.6568 	EXP 	circle: autoDraw = True
12.7745 	EXP 	Device response: <KeyPress from None: t=12.628093699982855, value=b, duration=0.13250050001079217>
13.1573 	INFO 	Keyboard events cleared
13.1569 	EXP 	circle: autoDraw = False
13.1569 	EXP 	text: autoDraw = True
13.6579 	EXP 	Device response: <KeyPress from None: t=13.646360399958212, value=r, duration=None>
13.6585 	EXP 	New trial (rep=3, index=0): <Trial 12 (0 in rep 3) data={'word': 'RED', 'colour': 'red', 'stim_condition': 'C', 'correct_res': 'r', 'thisN': 12, 'thisTrialN': 0, 'thisRepN': 3}>
13.6625 	DATA 	Keypress: r
13.6735 	EXP 	circle: autoDraw = False
13.6735 	EXP 	text: autoDraw = False
13.6735 	EXP 	text: foreColor = <psychopy.colors.Color: red, alpha=1.0>
13.6735 	EXP 	text: text = 'RED'
13.6735 	EXP 	circle: autoDraw = True
13.8250 	EXP 	Device response: <KeyPress from None: t=13.646360399958212, value=r, duration=0.1664345000172034>
14.1739 	INFO 	Keyboard events cleared
14.1736 	EXP 	circle: autoDraw = False
14.1736 	EXP 	text: autoDraw = True
14.5616 	DATA 	Keypress: r
14.5747 	EXP 	Device response: <KeyPress from None: t=14.559440199984238, value=r, duration=None>
14.5755 	EXP 	New trial (rep=3, index=1): <Trial 13 (1 in rep 3) data={'word': 'RED', 'colour': 'blue', 'stim_condition': 'I', 'correct_res': 'b', 'thisN': 13, 'thisTrialN': 1, 'thisRepN': 3}>
14.5901 	EXP 	circle: autoDraw = False
14.5901 	EXP 	text: autoDraw = False
14.5901 	EXP 	text: foreColor = <psychopy.colors.Color: blue, alpha=1.0>
14.5901 	EXP 	text: text = 'RED'
14.5901 	EXP 	circle: autoDraw = True
14.7247 	EXP 	Device response: <KeyPress from None: t=14.559440199984238, value=r, duration=0.1576158999814652>
15.0907 	INFO 	Keyboard events cleared
15.0904 	EXP 	circle: autoDraw = False
15.0904 	EXP 	text: autoDraw = True
15.5080 	EXP 	Device response: <KeyPress from None: t=15.495487699983642, value=b, duration=None>
15.5086 	EXP 	New trial (rep=3, index=2): <Trial 14 (2 in rep 3) data={'word': 'BLUE', 'colour': 'blue', 'stim_condition': 'C', 'correct_res': 'b', 'thisN': 14, 'thisTrialN': 2, 'thisRepN': 3}>
15.5201 	DATA 	Keypress: b
15.5243 	EXP 	circle: autoDraw = False
15.5243 	EXP 	text: autoDraw = False
15.5243 	EXP 	text: foreColor = <psychopy.colors.Color: blue, alpha=1.0>
15.5243 	EXP 	text: height = np.float64(0.05)
15.5243 	EXP 	text: height = np.float64(0.05)
15.5243 	EXP 	text: height = np.float64(0.05)
15.5243 	EXP 	text: text = 'BLUE'
15.5243 	EXP 	circle: autoDraw = True
15.6415 	EXP 	Device response: <KeyPress from None: t=15.495487699983642, value=b, duration=0.1324089000117965>
16.0242 	INFO 	Keyboard events cleared
16.0236 	EXP 	circle: autoDraw = False
16.0236 	EXP 	text: autoDraw = True
16.4082 	EXP 	Device response: <KeyPress from None: t=16.396646499983035, value=b, duration=None>
16.4088 	EXP 	New trial (rep=3, index=3): <Trial 15 (3 in rep 3) data={'word': 'BLUE', 'colour': 'red', 'stim_condition': 'I', 'correct_res': 'r', 'thisN': 15, 'thisTrialN': 3, 'thisRepN': 3}>
16.4135 	DATA 	Keypress: b
16.4236 	EXP 	circle: autoDraw = False
16.4236 	EXP 	text: autoDraw = False
16.4236 	EXP 	text: foreColor = <psychopy.colors.Color: red, alpha=1.0>
16.4236 	EXP 	text: text = 'BLUE'
16.4236 	EXP 	circle: autoDraw = True
16.5422 	EXP 	Device response: <KeyPress from None: t=16.396646499983035, value=b, duration=0.14488059998257086>
16.9238 	INFO 	Keyboard events cleared
16.9235 	EXP 	circle: autoDraw = False
16.9235 	EXP 	text: autoDraw = True
17.3417 	EXP 	Device response: <KeyPress from None: t=17.32967089995509, value=r, duration=None>
17.3424 	EXP 	New trial (rep=4, index=0): <Trial 16 (0 in rep 4) data={'word': 'RED', 'colour': 'red', 'stim_condition': 'C', 'correct_res': 'r', 'thisN': 16, 'thisTrialN': 0, 'thisRepN': 4}>
17.3532 	DATA 	Keypress: r
17.3573 	EXP 	circle: autoDraw = False
17.3573 	EXP 	text: autoDraw = False
17.3573 	EXP 	text: foreColor = <psychopy.colors.Color: red, alpha=1.0>
17.3573 	EXP 	text: height = np.float64(0.05)
17.3573 	EXP 	text: height = np.float64(0.05)
17.3573 	EXP 	text: height = np.float64(0.05)
17.3573 	EXP 	text: text = 'RED'
17.3573 	EXP 	circle: autoDraw = True
17.5080 	EXP 	Device response: <KeyPress from None: t=17.32967089995509, value=r, duration=0.16844800004037097>
17.8572 	INFO 	Keyboard events cleared
17.8569 	EXP 	circle: autoDraw = False
17.8569 	EXP 	text: autoDraw = True
18.2246 	EXP 	Device response: <KeyPress from None: t=18.221961400005966, value=r, duration=None>
18.2253 	EXP 	New trial (rep=4, index=1): <Trial 17 (1 in rep 4) data={'word': 'RED', 'colour': 'blue', 'stim_condition': 'I', 'correct_res': 'b', 'thisN': 17, 'thisTrialN': 1, 'thisRepN': 4}>
18.2292 	DATA 	Keypress: r
18.2403 	EXP 	circle: autoDraw = False
18.2403 	EXP 	text: autoDraw = False
18.2403 	EXP 	text: foreColor = <psychopy.colors.Color: blue, alpha=1.0>
18.2403 	EXP 	text: text = 'RED'
18.2403 	EXP 	circle: autoDraw = True
18.3748 	EXP 	Device response: <KeyPress from None: t=18.221961400005966, value=r, duration=0.14351379999425262>
18.7410 	INFO 	Keyboard events cleared
18.7406 	EXP 	circle: autoDraw = False
18.7406 	EXP 	text: autoDraw = True
19.2795 	DATA 	Keypress: b
19.2916 	EXP 	Device response: <KeyPress from None: t=19.27664419997018, value=b, duration=None>
19.2923 	EXP 	New trial (rep=4, index=2): <Trial 18 (2 in rep 4) data={'word': 'BLUE', 'colour': 'red', 'stim_condition': 'I', 'correct_res': 'r', 'thisN': 18, 'thisTrialN': 2, 'thisRepN': 4}>
19.3067 	EXP 	circle: autoDraw = False
19.3067 	EXP 	text: autoDraw = False
19.3067 	EXP 	text: foreColor = <psychopy.colors.Color: red, alpha=1.0>
19.3067 	EXP 	text: height = np.float64(0.05)
19.3067 	EXP 	text: height = np.float64(0.05)
19.3067 	EXP 	text: height = np.float64(0.05)
19.3067 	EXP 	text: text = 'BLUE'
19.3067 	EXP 	circle: autoDraw = True
19.4247 	EXP 	Device response: <KeyPress from None: t=19.27664419997018, value=b, duration=0.13458740001078695>
19.8070 	INFO 	Keyboard events cleared
19.8067 	EXP 	circle: autoDraw = False
19.8067 	EXP 	text: autoDraw = True
20.3078 	EXP 	Device response: <KeyPress from None: t=20.298108499962837, value=r, duration=None>
20.3085 	EXP 	New trial (rep=4, index=3): <Trial 19 (3 in rep 4) data={'word': 'BLUE', 'colour': 'blue', 'stim_condition': 'C', 'correct_res': 'b', 'thisN': 19, 'thisTrialN': 3, 'thisRepN': 4}>
20.3128 	DATA 	Keypress: r
20.3230 	EXP 	circle: autoDraw = False
20.3230 	EXP 	text: autoDraw = False
20.3230 	EXP 	text: foreColor = <psychopy.colors.Color: blue, alpha=1.0>
20.3230 	EXP 	text: text = 'BLUE'
20.3230 	EXP 	circle: autoDraw = True
20.4747 	EXP 	Device response: <KeyPress from None: t=20.298108499962837, value=r, duration=0.16304340003989637>
20.8239 	INFO 	Keyboard events cleared
20.8236 	EXP 	circle: autoDraw = False
20.8236 	EXP 	text: autoDraw = True
21.2796 	DATA 	Keypress: b
21.2915 	EXP 	Device response: <KeyPress from None: t=21.277338499960024, value=b, duration=None>
21.3070 	EXP 	circle: autoDraw = False
21.3070 	EXP 	text: autoDraw = False
21.3070 	EXP 	text_3: autoDraw = True
21.4246 	EXP 	Device response: <KeyPress from None: t=21.277338499960024, value=b, duration=0.13754580001113936>
22.3065 	EXP 	text_3: autoDraw = False
22.3065 	EXP 	text_3: autoDraw = False
22.3076 	EXP 	stroop: status = STOPPED
22.3235 	INFO 	saved data to 'C:\\Users\\bhumika\\PSYLAB310\\stroop task\\data\\2_stroop_2025-08-26_17h51.19.587.csv'
22.3253 	INFO 	saved data to C:\Users\bhumika\PSYLAB310\stroop task\data\2_stroop_2025-08-26_17h51.19.587.psydat
22.8514 	WARNING 	Stopping key buffers but this could be dangerous ifother keyboards rely on the same.
22.9256 	WARNING 	Stopping key buffers but this could be dangerous ifother keyboards rely on the same.
