9.3445 	INFO 	Loaded monitor calibration from ['2025_08_12 09:52']
9.3822 	WARNING 	User requested fullscreen with size [1024  768], but screen is actually [2560, 1600]. Using actual size
9.8896 	INFO 	Using renderer 'Intel(R) Arc(TM) Graphics' for graphics
9.8897 	INFO 	OpenGL version supported by driver is 4..
9.9285 	EXP 	Created window1 = Window(allowGUI=False, allowStencil=False, autoLog=True, backendConf=UNKNOWN, backgroundFit=<method-wrapper '__getattribute__' of attributeSetter object at 0x00000173D456ED40>, backgroundImage=<method-wrapper '__getattribute__' of attributeSetter object at 0x00000173D456ECE0>, bitsMode=UNKNOWN, blendMode='avg', bpc=(8, 8, 8), color=array([0, 0, 0]), colorSpace='rgb', depthBits=8, fullscr=True, gamma=None, gammaErrorPolicy='raise', infoMsg=UNKNOWN, lms=UNKNOWN, monitor=<psychopy.monitors.calibTools.Monitor object at 0x00000173D4656830>, multiSample=False, name='window1', numSamples=2, pos=[np.float64(0.0), np.float64(0.0)], screen=0, size=array([2560, 1600]), stencilBits=0, stereo=False, title='PsychoPy', units='height', useFBO=True, useRetina=False, viewOri=0.0, viewPos=None, viewScale=None, waitBlanking=True, winType='pyglet')
9.9286 	EXP 	window1: backgroundImage = ''
9.9287 	EXP 	window1: backgroundFit = 'none'
10.4567 	EXP 	window1: Attempting to measure frame rate of screen (0) ...
10.4568 	EXP 	window1: recordFrameIntervals = False
10.6037 	EXP 	window1: recordFrameIntervals = True
10.7886 	EXP 	Screen (0) actual frame rate measured at 59.58Hz
10.7887 	EXP 	window1: recordFrameIntervals = False
11.0613 	INFO 	keyboard.Keyboard is using ptb backend.
11.0618 	INFO 	keyboard.Keyboard is using ptb backend.
11.0619 	EXP 	stroop: status = STARTED
11.1602 	EXP 	Created text_2 = TextStim(__class__=<class 'psychopy.visual.text.TextStim'>, alignHoriz=method-wrapper(...), alignText='center', alignVert=method-wrapper(...), anchorHoriz='center', anchorVert='center', antialias=True, autoDraw=False, autoLog=True, bold=False, color=array([1., 1., 1.]), colorSpace='rgb', contrast=1.0, depth=0.0, draggable=False, flipHoriz=False, flipVert=False, font='Arial', fontFiles=[], height=np.float64(0.05), italic=False, languageStyle='LTR', name='text_2', opacity=1, ori=0.0, pos=array([0., 0.]), rgb=UNKNOWN, text='Welcome', units='height', win=Window(...), wrapWidth=1)
11.1645 	EXP 	Created circle = ShapeStim(__class__=<class 'psychopy.visual.shape.ShapeStim'>, anchor=('center', 'center'), autoDraw=False, autoLog=True, closeShape=True, color=method-wrapper(...), colorSpace='rgb', contrast=None, depth=0.0, draggable=False, fillColor=array([1, 1, 1]), fillColorSpace='rgb', fillRGB=array([1, 1, 1]), interpolate=True, lineColor=array([1., 1., 1.]), lineColorSpace='rgb', lineRGB=array([1, 1, 1]), lineWidth=1.0, name='circle', opacity=1, ori=0.0, pos=array([0., 0.]), size=array([10., 10.]), units='pix', vertices=ndarray(...), win=Window(...), windingRule=None)
11.1653 	EXP 	Created text = TextStim(__class__=<class 'psychopy.visual.text.TextStim'>, alignHoriz=method-wrapper(...), alignText='center', alignVert=method-wrapper(...), anchorHoriz='center', anchorVert='center', antialias=True, autoDraw=False, autoLog=True, bold=False, color=array([1., 1., 1.]), colorSpace='rgb', contrast=1.0, depth=-1.0, draggable=False, flipHoriz=False, flipVert=False, font='Arial', fontFiles=[], height=0.05, italic=False, languageStyle='LTR', name='text', opacity=1, ori=0.0, pos=array([0., 0.]), rgb=UNKNOWN, text='', units='height', win=Window(...), wrapWidth=1)
11.1747 	EXP 	Created text_3 = TextStim(__class__=<class 'psychopy.visual.text.TextStim'>, alignHoriz=method-wrapper(...), alignText='center', alignVert=method-wrapper(...), anchorHoriz='center', anchorVert='center', antialias=True, autoDraw=False, autoLog=True, bold=False, color=array([1., 1., 1.]), colorSpace='rgb', contrast=1.0, depth=0.0, draggable=False, flipHoriz=False, flipVert=False, font='Arial', fontFiles=[], height=np.float64(0.05), italic=False, languageStyle='LTR', name='text_3', opacity=1, ori=0.0, pos=array([0., 0.]), rgb=UNKNOWN, text='Thank You ', units='height', win=Window(...), wrapWidth=1)
0.0328 	EXP 	text_2: autoDraw = True
1.0081 	EXP 	Imported C:/Users/bhumika/Downloads/condition.xlsx as conditions, 4 conditions, 4 params
1.0087 	EXP 	New trial (rep=0, index=0): <Trial 0 (0 in rep 0) data={'word': 'RED', 'colour': 'red', 'stim_condition': 'C', 'correct_res': 'r', 'thisN': 0, 'thisTrialN': 0, 'thisRepN': 0}>
1.0221 	EXP 	text_2: autoDraw = False
1.0221 	EXP 	text_2: autoDraw = False
1.0221 	EXP 	text: foreColor = <psychopy.colors.Color: red, alpha=1.0>
1.0221 	EXP 	text: height = np.float64(0.05)
1.0221 	EXP 	text: height = np.float64(0.05)
1.0221 	EXP 	text: height = np.float64(0.05)
1.0221 	EXP 	text: text = 'RED'
1.0221 	EXP 	circle: autoDraw = True
1.5119 	INFO 	Keyboard events cleared
1.5118 	EXP 	circle: autoDraw = False
1.5118 	EXP 	text: autoDraw = True
2.0157 	EXP 	Device response: <KeyPress from None: t=1.991956600046251, value=r, duration=None>
2.0164 	EXP 	New trial (rep=0, index=1): <Trial 1 (1 in rep 0) data={'word': 'BLUE', 'colour': 'red', 'stim_condition': 'I', 'correct_res': 'r', 'thisN': 1, 'thisTrialN': 1, 'thisRepN': 0}>
2.0474 	DATA 	Keypress: r
2.0518 	EXP 	circle: autoDraw = False
2.0518 	EXP 	text: autoDraw = False
2.0518 	EXP 	text: foreColor = <psychopy.colors.Color: red, alpha=1.0>
2.0518 	EXP 	text: height = np.float64(0.05)
2.0518 	EXP 	text: height = np.float64(0.05)
2.0518 	EXP 	text: height = np.float64(0.05)
2.0518 	EXP 	text: text = 'BLUE'
2.0518 	EXP 	circle: autoDraw = True
2.1643 	EXP 	Device response: <KeyPress from None: t=1.991956600046251, value=r, duration=0.16023679997306317>
2.5299 	INFO 	Keyboard events cleared
2.5295 	EXP 	circle: autoDraw = False
2.5295 	EXP 	text: autoDraw = True
2.8972 	EXP 	Device response: <KeyPress from None: t=2.890025200031232, value=r, duration=None>
2.8978 	EXP 	New trial (rep=0, index=2): <Trial 2 (2 in rep 0) data={'word': 'BLUE', 'colour': 'blue', 'stim_condition': 'C', 'correct_res': 'b', 'thisN': 2, 'thisTrialN': 2, 'thisRepN': 0}>
2.9018 	DATA 	Keypress: r
2.9129 	EXP 	circle: autoDraw = False
2.9129 	EXP 	text: autoDraw = False
2.9129 	EXP 	text: foreColor = <psychopy.colors.Color: blue, alpha=1.0>
2.9129 	EXP 	text: text = 'BLUE'
2.9129 	EXP 	circle: autoDraw = True
3.0644 	EXP 	Device response: <KeyPress from None: t=2.890025200031232, value=r, duration=0.16687519999686629>
3.4139 	INFO 	Keyboard events cleared
3.4136 	EXP 	circle: autoDraw = False
3.4136 	EXP 	text: autoDraw = True
3.9979 	EXP 	Device response: <KeyPress from None: t=3.9851273000240326, value=b, duration=None>
3.9986 	EXP 	New trial (rep=0, index=3): <Trial 3 (3 in rep 0) data={'word': 'RED', 'colour': 'blue', 'stim_condition': 'I', 'correct_res': 'b', 'thisN': 3, 'thisTrialN': 3, 'thisRepN': 0}>
4.0092 	DATA 	Keypress: b
4.0132 	EXP 	circle: autoDraw = False
4.0132 	EXP 	text: autoDraw = False
4.0132 	EXP 	text: foreColor = <psychopy.colors.Color: blue, alpha=1.0>
4.0132 	EXP 	text: height = np.float64(0.05)
4.0132 	EXP 	text: height = np.float64(0.05)
4.0132 	EXP 	text: height = np.float64(0.05)
4.0132 	EXP 	text: text = 'RED'
4.0132 	EXP 	circle: autoDraw = True
4.1144 	EXP 	Device response: <KeyPress from None: t=3.9851273000240326, value=b, duration=0.12618469999870285>
4.5134 	INFO 	Keyboard events cleared
4.5131 	EXP 	circle: autoDraw = False
4.5131 	EXP 	text: autoDraw = True
4.8306 	EXP 	Device response: <KeyPress from None: t=4.829560100042727, value=b, duration=None>
4.8312 	EXP 	New trial (rep=1, index=0): <Trial 4 (0 in rep 1) data={'word': 'BLUE', 'colour': 'red', 'stim_condition': 'I', 'correct_res': 'r', 'thisN': 4, 'thisTrialN': 0, 'thisRepN': 1}>
4.8423 	DATA 	Keypress: b
4.8464 	EXP 	circle: autoDraw = False
4.8464 	EXP 	text: autoDraw = False
4.8464 	EXP 	text: foreColor = <psychopy.colors.Color: red, alpha=1.0>
4.8464 	EXP 	text: height = np.float64(0.05)
4.8464 	EXP 	text: height = np.float64(0.05)
4.8464 	EXP 	text: height = np.float64(0.05)
4.8464 	EXP 	text: text = 'BLUE'
4.8464 	EXP 	circle: autoDraw = True
4.9641 	EXP 	Device response: <KeyPress from None: t=4.829560100042727, value=b, duration=0.1320121999597177>
5.3467 	INFO 	Keyboard events cleared
5.3464 	EXP 	circle: autoDraw = False
5.3464 	EXP 	text: autoDraw = True
5.8024 	DATA 	Keypress: r
5.8152 	EXP 	Device response: <KeyPress from None: t=5.798385000030976, value=r, duration=None>
5.8156 	EXP 	New trial (rep=1, index=1): <Trial 5 (1 in rep 1) data={'word': 'BLUE', 'colour': 'blue', 'stim_condition': 'C', 'correct_res': 'b', 'thisN': 5, 'thisTrialN': 1, 'thisRepN': 1}>
5.8298 	EXP 	circle: autoDraw = False
5.8298 	EXP 	text: autoDraw = False
5.8298 	EXP 	text: foreColor = <psychopy.colors.Color: blue, alpha=1.0>
5.8298 	EXP 	text: text = 'BLUE'
5.8298 	EXP 	circle: autoDraw = True
5.9474 	EXP 	Device response: <KeyPress from None: t=5.798385000030976, value=r, duration=0.13665040000341833>
6.3301 	INFO 	Keyboard events cleared
6.3298 	EXP 	circle: autoDraw = False
6.3298 	EXP 	text: autoDraw = True
6.7644 	EXP 	Device response: <KeyPress from None: t=6.759181600005832, value=b, duration=None>
6.7650 	EXP 	New trial (rep=1, index=2): <Trial 6 (2 in rep 1) data={'word': 'RED', 'colour': 'blue', 'stim_condition': 'I', 'correct_res': 'b', 'thisN': 6, 'thisTrialN': 2, 'thisRepN': 1}>
6.7743 	DATA 	Keypress: b
6.7797 	EXP 	circle: autoDraw = False
6.7797 	EXP 	text: autoDraw = False
6.7797 	EXP 	text: foreColor = <psychopy.colors.Color: blue, alpha=1.0>
6.7797 	EXP 	text: height = np.float64(0.05)
6.7797 	EXP 	text: height = np.float64(0.05)
6.7797 	EXP 	text: height = np.float64(0.05)
6.7797 	EXP 	text: text = 'RED'
6.7797 	EXP 	circle: autoDraw = True
6.8642 	EXP 	Device response: <KeyPress from None: t=6.759181600005832, value=b, duration=0.10186860000248998>
7.2800 	INFO 	Keyboard events cleared
7.2797 	EXP 	circle: autoDraw = False
7.2797 	EXP 	text: autoDraw = True
7.6478 	EXP 	Device response: <KeyPress from None: t=7.634301999991294, value=b, duration=None>
7.6484 	EXP 	New trial (rep=1, index=3): <Trial 7 (3 in rep 1) data={'word': 'RED', 'colour': 'red', 'stim_condition': 'C', 'correct_res': 'r', 'thisN': 7, 'thisTrialN': 3, 'thisRepN': 1}>
7.6526 	DATA 	Keypress: b
7.6634 	EXP 	circle: autoDraw = False
7.6634 	EXP 	text: autoDraw = False
7.6634 	EXP 	text: foreColor = <psychopy.colors.Color: red, alpha=1.0>
7.6634 	EXP 	text: text = 'RED'
7.6634 	EXP 	circle: autoDraw = True
7.7639 	EXP 	Device response: <KeyPress from None: t=7.634301999991294, value=b, duration=0.11756600002991036>
8.1635 	INFO 	Keyboard events cleared
8.1633 	EXP 	circle: autoDraw = False
8.1633 	EXP 	text: autoDraw = True
8.6142 	EXP 	Device response: <KeyPress from None: t=8.612459200026933, value=r, duration=None>
8.6150 	EXP 	New trial (rep=2, index=0): <Trial 8 (0 in rep 2) data={'word': 'RED', 'colour': 'blue', 'stim_condition': 'I', 'correct_res': 'b', 'thisN': 8, 'thisTrialN': 0, 'thisRepN': 2}>
8.6197 	DATA 	Keypress: r
8.6294 	EXP 	circle: autoDraw = False
8.6294 	EXP 	text: autoDraw = False
8.6294 	EXP 	text: foreColor = <psychopy.colors.Color: blue, alpha=1.0>
8.6294 	EXP 	text: text = 'RED'
8.6294 	EXP 	circle: autoDraw = True
8.7302 	EXP 	Device response: <KeyPress from None: t=8.612459200026933, value=r, duration=0.11050810001324862>
9.1300 	INFO 	Keyboard events cleared
9.1297 	EXP 	circle: autoDraw = False
9.1297 	EXP 	text: autoDraw = True
9.5145 	EXP 	Device response: <KeyPress from None: t=9.505858800024725, value=b, duration=None>
9.5151 	EXP 	New trial (rep=2, index=1): <Trial 9 (1 in rep 2) data={'word': 'RED', 'colour': 'red', 'stim_condition': 'C', 'correct_res': 'r', 'thisN': 9, 'thisTrialN': 1, 'thisRepN': 2}>
9.5194 	DATA 	Keypress: b
9.5297 	EXP 	circle: autoDraw = False
9.5297 	EXP 	text: autoDraw = False
9.5297 	EXP 	text: foreColor = <psychopy.colors.Color: red, alpha=1.0>
9.5297 	EXP 	text: text = 'RED'
9.5297 	EXP 	circle: autoDraw = True
9.6302 	EXP 	Device response: <KeyPress from None: t=9.505858800024725, value=b, duration=0.12264929997036234>
10.0297 	INFO 	Keyboard events cleared
10.0294 	EXP 	circle: autoDraw = False
10.0294 	EXP 	text: autoDraw = True
10.8303 	EXP 	Device response: <KeyPress from None: t=10.828783500008285, value=r, duration=None>
10.8310 	EXP 	New trial (rep=2, index=2): <Trial 10 (2 in rep 2) data={'word': 'BLUE', 'colour': 'blue', 'stim_condition': 'C', 'correct_res': 'b', 'thisN': 10, 'thisTrialN': 2, 'thisRepN': 2}>
10.8433 	DATA 	Keypress: r
10.8480 	EXP 	circle: autoDraw = False
10.8480 	EXP 	text: autoDraw = False
10.8480 	EXP 	text: foreColor = <psychopy.colors.Color: blue, alpha=1.0>
10.8480 	EXP 	text: height = np.float64(0.05)
10.8480 	EXP 	text: height = np.float64(0.05)
10.8480 	EXP 	text: height = np.float64(0.05)
10.8480 	EXP 	text: text = 'BLUE'
10.8480 	EXP 	circle: autoDraw = True
10.9812 	EXP 	Device response: <KeyPress from None: t=10.828783500008285, value=r, duration=0.14531729998998344>
11.3298 	INFO 	Keyboard events cleared
11.3295 	EXP 	circle: autoDraw = False
11.3295 	EXP 	text: autoDraw = True
11.7813 	EXP 	Device response: <KeyPress from None: t=11.773343400040176, value=b, duration=None>
11.7820 	EXP 	New trial (rep=2, index=3): <Trial 11 (3 in rep 2) data={'word': 'BLUE', 'colour': 'red', 'stim_condition': 'I', 'correct_res': 'r', 'thisN': 11, 'thisTrialN': 3, 'thisRepN': 2}>
11.7859 	DATA 	Keypress: b
11.7963 	EXP 	circle: autoDraw = False
11.7963 	EXP 	text: autoDraw = False
11.7963 	EXP 	text: foreColor = <psychopy.colors.Color: red, alpha=1.0>
11.7963 	EXP 	text: text = 'BLUE'
11.7963 	EXP 	circle: autoDraw = True
11.9310 	EXP 	Device response: <KeyPress from None: t=11.773343400040176, value=b, duration=0.1482554999529384>
12.2969 	INFO 	Keyboard events cleared
12.2966 	EXP 	circle: autoDraw = False
12.2966 	EXP 	text: autoDraw = True
12.8643 	EXP 	Device response: <KeyPress from None: t=12.857905400043819, value=r, duration=None>
12.8649 	EXP 	New trial (rep=3, index=0): <Trial 12 (0 in rep 3) data={'word': 'RED', 'colour': 'red', 'stim_condition': 'C', 'correct_res': 'r', 'thisN': 12, 'thisTrialN': 0, 'thisRepN': 3}>
12.8758 	DATA 	Keypress: r
12.8801 	EXP 	circle: autoDraw = False
12.8801 	EXP 	text: autoDraw = False
12.8801 	EXP 	text: foreColor = <psychopy.colors.Color: red, alpha=1.0>
12.8801 	EXP 	text: height = np.float64(0.05)
12.8801 	EXP 	text: height = np.float64(0.05)
12.8801 	EXP 	text: height = np.float64(0.05)
12.8801 	EXP 	text: text = 'RED'
12.8801 	EXP 	circle: autoDraw = True
12.9977 	EXP 	Device response: <KeyPress from None: t=12.857905400043819, value=r, duration=0.13449589995434508>
13.3799 	INFO 	Keyboard events cleared
13.3796 	EXP 	circle: autoDraw = False
13.3796 	EXP 	text: autoDraw = True
13.8472 	EXP 	Device response: <KeyPress from None: t=13.842310500040185, value=r, duration=None>
13.8476 	EXP 	New trial (rep=3, index=1): <Trial 13 (1 in rep 3) data={'word': 'BLUE', 'colour': 'red', 'stim_condition': 'I', 'correct_res': 'r', 'thisN': 13, 'thisTrialN': 1, 'thisRepN': 3}>
13.8579 	DATA 	Keypress: r
13.8633 	EXP 	circle: autoDraw = False
13.8633 	EXP 	text: autoDraw = False
13.8633 	EXP 	text: foreColor = <psychopy.colors.Color: red, alpha=1.0>
13.8633 	EXP 	text: height = np.float64(0.05)
13.8633 	EXP 	text: height = np.float64(0.05)
13.8633 	EXP 	text: height = np.float64(0.05)
13.8633 	EXP 	text: text = 'BLUE'
13.8633 	EXP 	circle: autoDraw = True
13.9810 	EXP 	Device response: <KeyPress from None: t=13.842310500040185, value=r, duration=0.1313840999500826>
14.3634 	INFO 	Keyboard events cleared
14.3631 	EXP 	circle: autoDraw = False
14.3631 	EXP 	text: autoDraw = True
14.7690 	DATA 	Keypress: r
14.7803 	EXP 	Device response: <KeyPress from None: t=14.767523000016809, value=r, duration=None>
14.7809 	EXP 	New trial (rep=3, index=2): <Trial 14 (2 in rep 3) data={'word': 'RED', 'colour': 'blue', 'stim_condition': 'I', 'correct_res': 'b', 'thisN': 14, 'thisTrialN': 2, 'thisRepN': 3}>
14.7962 	EXP 	circle: autoDraw = False
14.7962 	EXP 	text: autoDraw = False
14.7962 	EXP 	text: foreColor = <psychopy.colors.Color: blue, alpha=1.0>
14.7962 	EXP 	text: height = np.float64(0.05)
14.7962 	EXP 	text: height = np.float64(0.05)
14.7962 	EXP 	text: height = np.float64(0.05)
14.7962 	EXP 	text: text = 'RED'
14.7962 	EXP 	circle: autoDraw = True
14.8982 	EXP 	Device response: <KeyPress from None: t=14.767523000016809, value=r, duration=0.12722050002776086>
15.2798 	INFO 	Keyboard events cleared
15.2797 	EXP 	circle: autoDraw = False
15.2797 	EXP 	text: autoDraw = True
15.7143 	EXP 	Device response: <KeyPress from None: t=15.701138000003994, value=b, duration=None>
15.7150 	EXP 	New trial (rep=3, index=3): <Trial 15 (3 in rep 3) data={'word': 'BLUE', 'colour': 'blue', 'stim_condition': 'C', 'correct_res': 'b', 'thisN': 15, 'thisTrialN': 3, 'thisRepN': 3}>
15.7271 	DATA 	Keypress: b
15.7307 	EXP 	circle: autoDraw = False
15.7307 	EXP 	text: autoDraw = False
15.7307 	EXP 	text: foreColor = <psychopy.colors.Color: blue, alpha=1.0>
15.7307 	EXP 	text: height = np.float64(0.05)
15.7307 	EXP 	text: height = np.float64(0.05)
15.7307 	EXP 	text: height = np.float64(0.05)
15.7307 	EXP 	text: text = 'BLUE'
15.7307 	EXP 	circle: autoDraw = True
15.8474 	EXP 	Device response: <KeyPress from None: t=15.701138000003994, value=b, duration=0.14355810004053637>
16.2300 	INFO 	Keyboard events cleared
16.2297 	EXP 	circle: autoDraw = False
16.2297 	EXP 	text: autoDraw = True
16.6642 	EXP 	Device response: <KeyPress from None: t=16.656457100005355, value=b, duration=None>
16.6649 	EXP 	New trial (rep=4, index=0): <Trial 16 (0 in rep 4) data={'word': 'BLUE', 'colour': 'blue', 'stim_condition': 'C', 'correct_res': 'b', 'thisN': 16, 'thisTrialN': 0, 'thisRepN': 4}>
16.6694 	DATA 	Keypress: b
16.6795 	EXP 	circle: autoDraw = False
16.6795 	EXP 	text: autoDraw = False
16.6795 	EXP 	text: foreColor = <psychopy.colors.Color: blue, alpha=1.0>
16.6795 	EXP 	text: text = 'BLUE'
16.6795 	EXP 	circle: autoDraw = True
16.8138 	EXP 	Device response: <KeyPress from None: t=16.656457100005355, value=b, duration=0.14705120003782213>
17.1800 	INFO 	Keyboard events cleared
17.1797 	EXP 	circle: autoDraw = False
17.1797 	EXP 	text: autoDraw = True
17.5347 	DATA 	Keypress: b
17.5479 	EXP 	Device response: <KeyPress from None: t=17.533097100036684, value=b, duration=None>
17.5485 	EXP 	New trial (rep=4, index=1): <Trial 17 (1 in rep 4) data={'word': 'BLUE', 'colour': 'red', 'stim_condition': 'I', 'correct_res': 'r', 'thisN': 17, 'thisTrialN': 1, 'thisRepN': 4}>
17.5628 	EXP 	circle: autoDraw = False
17.5628 	EXP 	text: autoDraw = False
17.5628 	EXP 	text: foreColor = <psychopy.colors.Color: red, alpha=1.0>
17.5628 	EXP 	text: text = 'BLUE'
17.5628 	EXP 	circle: autoDraw = True
17.6811 	EXP 	Device response: <KeyPress from None: t=17.533097100036684, value=b, duration=0.14478129998315126>
18.0632 	INFO 	Keyboard events cleared
18.0629 	EXP 	circle: autoDraw = False
18.0629 	EXP 	text: autoDraw = True
18.5476 	EXP 	Device response: <KeyPress from None: t=18.541840200021397, value=r, duration=None>
18.5483 	EXP 	New trial (rep=4, index=2): <Trial 18 (2 in rep 4) data={'word': 'RED', 'colour': 'red', 'stim_condition': 'C', 'correct_res': 'r', 'thisN': 18, 'thisTrialN': 2, 'thisRepN': 4}>
18.5584 	DATA 	Keypress: r
18.5629 	EXP 	circle: autoDraw = False
18.5629 	EXP 	text: autoDraw = False
18.5629 	EXP 	text: foreColor = <psychopy.colors.Color: red, alpha=1.0>
18.5629 	EXP 	text: height = np.float64(0.05)
18.5629 	EXP 	text: height = np.float64(0.05)
18.5629 	EXP 	text: height = np.float64(0.05)
18.5629 	EXP 	text: text = 'RED'
18.5629 	EXP 	circle: autoDraw = True
18.6973 	EXP 	Device response: <KeyPress from None: t=18.541840200021397, value=r, duration=0.1504187000100501>
19.0632 	INFO 	Keyboard events cleared
19.0628 	EXP 	circle: autoDraw = False
19.0628 	EXP 	text: autoDraw = True
19.4974 	EXP 	Device response: <KeyPress from None: t=19.489956600009464, value=r, duration=None>
19.4982 	EXP 	New trial (rep=4, index=3): <Trial 19 (3 in rep 4) data={'word': 'RED', 'colour': 'blue', 'stim_condition': 'I', 'correct_res': 'b', 'thisN': 19, 'thisTrialN': 3, 'thisRepN': 4}>
19.5021 	DATA 	Keypress: r
19.5132 	EXP 	circle: autoDraw = False
19.5132 	EXP 	text: autoDraw = False
19.5132 	EXP 	text: foreColor = <psychopy.colors.Color: blue, alpha=1.0>
19.5132 	EXP 	text: text = 'RED'
19.5132 	EXP 	circle: autoDraw = True
19.6479 	EXP 	Device response: <KeyPress from None: t=19.489956600009464, value=r, duration=0.14608350000344217>
20.0129 	INFO 	Keyboard events cleared
20.0126 	EXP 	circle: autoDraw = False
20.0126 	EXP 	text: autoDraw = True
20.5473 	EXP 	Device response: <KeyPress from None: t=20.53526969999075, value=b, duration=None>
20.5537 	DATA 	Keypress: b
20.5631 	EXP 	circle: autoDraw = False
20.5631 	EXP 	text: autoDraw = False
20.5631 	EXP 	text_3: autoDraw = True
20.6640 	EXP 	Device response: <KeyPress from None: t=20.53526969999075, value=b, duration=0.1261553000076674>
21.5629 	EXP 	text_3: autoDraw = False
21.5629 	EXP 	text_3: autoDraw = False
21.5642 	EXP 	stroop: status = STOPPED
21.6035 	INFO 	saved data to 'C:\\Users\\bhumika\\PSYLAB310\\stroop task\\data\\4_stroop_2025-08-26_17h53.19.717.csv'
21.6077 	INFO 	saved data to C:\Users\bhumika\PSYLAB310\stroop task\data\4_stroop_2025-08-26_17h53.19.717.psydat
22.1530 	WARNING 	Stopping key buffers but this could be dangerous ifother keyboards rely on the same.
22.1695 	WARNING 	Stopping key buffers but this could be dangerous ifother keyboards rely on the same.
