9.3918 	INFO 	Loaded monitor calibration from ['2025_08_12 09:52']
9.4311 	WARNING 	User requested fullscreen with size [1024  768], but screen is actually [2560, 1600]. Using actual size
10.0924 	INFO 	Using renderer 'Intel(R) Arc(TM) Graphics' for graphics
10.0925 	INFO 	OpenGL version supported by driver is 4..
10.1849 	EXP 	Created window1 = Window(allowGUI=False, allowStencil=False, autoLog=True, backendConf=UNKNOWN, backgroundFit=<method-wrapper '__getattribute__' of attributeSetter object at 0x0000024401D7AB00>, backgroundImage=<method-wrapper '__getattribute__' of attributeSetter object at 0x0000024401D7AAA0>, bitsMode=UNKNOWN, blendMode='avg', bpc=(8, 8, 8), color=array([0, 0, 0]), colorSpace='rgb', depthBits=8, fullscr=True, gamma=None, gammaErrorPolicy='raise', infoMsg=UNKNOWN, lms=UNKNOWN, monitor=<psychopy.monitors.calibTools.Monitor object at 0x0000024401E403A0>, multiSample=False, name='window1', numSamples=2, pos=[np.float64(0.0), np.float64(0.0)], screen=0, size=array([2560, 1600]), stencilBits=0, stereo=False, title='PsychoPy', units='height', useFBO=True, useRetina=False, viewOri=0.0, viewPos=None, viewScale=None, waitBlanking=True, winType='pyglet')
10.1851 	EXP 	window1: backgroundImage = ''
10.1851 	EXP 	window1: backgroundFit = 'none'
10.7285 	EXP 	window1: Attempting to measure frame rate of screen (0) ...
10.7286 	EXP 	window1: recordFrameIntervals = False
10.8864 	EXP 	window1: recordFrameIntervals = True
11.0702 	EXP 	Screen (0) actual frame rate measured at 60.15Hz
11.0702 	EXP 	window1: recordFrameIntervals = False
11.4498 	INFO 	keyboard.Keyboard is using ptb backend.
11.4501 	INFO 	keyboard.Keyboard is using ptb backend.
11.4501 	INFO 	keyboard.Keyboard is using ptb backend.
11.4502 	EXP 	Solo Lab Project Bhumika Bajaj AU2320057 PSY310: status = STARTED
11.4555 	EXP 	Created fixation = ShapeStim(__class__=<class 'psychopy.visual.shape.ShapeStim'>, anchor=('center', 'center'), autoDraw=False, autoLog=True, closeShape=True, color=method-wrapper(...), colorSpace='rgb', contrast=None, depth=0.0, draggable=False, fillColor=array([1, 1, 1]), fillColorSpace='rgb', fillRGB=array([1, 1, 1]), interpolate=True, lineColor=array([1., 1., 1.]), lineColorSpace='rgb', lineRGB=array([1, 1, 1]), lineWidth=1.0, name='fixation', opacity=1, ori=0.0, pos=array([0., 0.]), size=array([0.3, 0.3]), units='height', vertices=ndarray(...), win=Window(...), windingRule=None)
11.5587 	EXP 	Created text = TextStim(__class__=<class 'psychopy.visual.text.TextStim'>, alignHoriz=method-wrapper(...), alignText='center', alignVert=method-wrapper(...), anchorHoriz='center', anchorVert='center', antialias=True, autoDraw=False, autoLog=True, bold=False, color=array([1., 1., 1.]), colorSpace='rgb', contrast=1.0, depth=-1.0, draggable=False, flipHoriz=False, flipVert=False, font='Arial', fontFiles=[], height=np.float64(0.05), italic=False, languageStyle='LTR', name='text', opacity=1, ori=0.0, pos=array([0., 0.]), rgb=UNKNOWN, text=str(...), units='height', win=Window(...), wrapWidth=1)
11.5596 	EXP 	Created target = TextStim(__class__=<class 'psychopy.visual.text.TextStim'>, alignHoriz=method-wrapper(...), alignText='center', alignVert=method-wrapper(...), anchorHoriz='center', anchorVert='center', antialias=True, autoDraw=False, autoLog=True, bold=False, color=array([1., 1., 1.]), colorSpace='rgb', contrast=1.0, depth=0.0, draggable=False, flipHoriz=False, flipVert=False, font='Arial', fontFiles=[], height=0.05, italic=False, languageStyle='LTR', name='target', opacity=1, ori=0.0, pos=array([0., 0.]), rgb=UNKNOWN, text='', units='height', win=Window(...), wrapWidth=1)
0.0068 	INFO 	Keyboard events cleared
0.0067 	EXP 	fixation: autoDraw = True
0.5039 	EXP 	text: autoDraw = True
0.5207 	EXP 	fixation: autoDraw = False
1.9021 	EXP 	Device response: <KeyPress from None: t=1.8825731000397354, value=space, duration=None>
1.9311 	EXP 	Imported emotionstrooptaskconditions.xlsx as conditions, 20 conditions, 4 params
1.9347 	EXP 	New trial (rep=0, index=0): <Trial 0 (0 in rep 0) data={'word': 'DISSAPPOINTED', 'color': 'blue', 'condition': 'Conguent', 'correctresponsekey': 'b', 'thisN': 0, 'thisTrialN': 0, 'thisRepN': 0}>
1.9767 	DATA 	Keypress: space
1.9807 	EXP 	fixation: autoDraw = False
1.9807 	EXP 	text: autoDraw = False
1.9807 	EXP 	target: foreColor = <psychopy.colors.Color: blue, alpha=1.0>
1.9807 	EXP 	target: height = np.float64(0.05)
1.9807 	EXP 	target: height = np.float64(0.05)
1.9807 	EXP 	target: height = np.float64(0.05)
1.9807 	EXP 	target: text = 'DISSAPPOINTED'
2.0711 	EXP 	Device response: <KeyPress from None: t=1.8825731000397354, value=space, duration=0.1724000999238342>
2.9031 	INFO 	Keyboard events cleared
2.9028 	EXP 	target: autoDraw = True
3.5049 	EXP 	Device response: <KeyPress from None: t=3.5034258000086993, value=k, duration=None>
3.5056 	EXP 	New trial (rep=0, index=1): <Trial 1 (1 in rep 0) data={'word': 'CHAIR', 'color': 'red', 'condition': 'Incongruent', 'correctresponsekey': 'r', 'thisN': 1, 'thisTrialN': 1, 'thisRepN': 0}>
3.5294 	DATA 	Keypress: k
3.5330 	EXP 	target: autoDraw = False
3.5330 	EXP 	target: foreColor = <psychopy.colors.Color: red, alpha=1.0>
3.5330 	EXP 	target: height = np.float64(0.05)
3.5330 	EXP 	target: height = np.float64(0.05)
3.5330 	EXP 	target: height = np.float64(0.05)
3.5330 	EXP 	target: text = 'CHAIR'
3.6374 	EXP 	Device response: <KeyPress from None: t=3.5034258000086993, value=k, duration=0.12868730002082884>
4.5203 	INFO 	Keyboard events cleared
4.5200 	EXP 	target: autoDraw = True
4.9042 	EXP 	Device response: <KeyPress from None: t=4.894227799959481, value=b, duration=None>
4.9049 	EXP 	New trial (rep=0, index=2): <Trial 2 (2 in rep 0) data={'word': 'SPOON', 'color': 'yellow', 'condition': 'Incongruent', 'correctresponsekey': 'k', 'thisN': 2, 'thisTrialN': 2, 'thisRepN': 0}>
4.9142 	DATA 	Keypress: b
4.9202 	EXP 	target: autoDraw = False
4.9202 	EXP 	target: foreColor = <psychopy.colors.Color: yellow, alpha=1.0>
4.9202 	EXP 	target: height = np.float64(0.05)
4.9202 	EXP 	target: height = np.float64(0.05)
4.9202 	EXP 	target: height = np.float64(0.05)
4.9202 	EXP 	target: text = 'SPOON'
5.0705 	EXP 	Device response: <KeyPress from None: t=4.894227799959481, value=b, duration=0.16875559999607503>
5.9206 	INFO 	Keyboard events cleared
5.9203 	EXP 	target: autoDraw = True
6.5358 	EXP 	Device response: <KeyPress from None: t=6.5313560999929905, value=k, duration=None>
6.5361 	EXP 	New trial (rep=0, index=3): <Trial 3 (3 in rep 0) data={'word': 'GREEN', 'color': 'blue', 'condition': 'Incongruent', 'correctresponsekey': 'b', 'thisN': 3, 'thisTrialN': 3, 'thisRepN': 0}>
6.5438 	DATA 	Keypress: k
6.5521 	EXP 	target: autoDraw = False
6.5521 	EXP 	target: foreColor = <psychopy.colors.Color: blue, alpha=1.0>
6.5521 	EXP 	target: height = np.float64(0.05)
6.5521 	EXP 	target: height = np.float64(0.05)
6.5521 	EXP 	target: height = np.float64(0.05)
6.5521 	EXP 	target: text = 'GREEN'
6.6875 	EXP 	Device response: <KeyPress from None: t=6.5313560999929905, value=k, duration=0.1457873999606818>
7.5370 	INFO 	Keyboard events cleared
7.5368 	EXP 	target: autoDraw = True
8.1197 	EXP 	Device response: <KeyPress from None: t=8.107929799938574, value=b, duration=None>
8.1201 	EXP 	New trial (rep=0, index=4): <Trial 4 (4 in rep 0) data={'word': 'HAPPY', 'color': 'yellow', 'condition': 'Congruent', 'correctresponsekey': 'k', 'thisN': 4, 'thisTrialN': 4, 'thisRepN': 0}>
8.1297 	DATA 	Keypress: b
8.1357 	EXP 	target: autoDraw = False
8.1357 	EXP 	target: foreColor = <psychopy.colors.Color: yellow, alpha=1.0>
8.1357 	EXP 	target: height = np.float64(0.05)
8.1357 	EXP 	target: height = np.float64(0.05)
8.1357 	EXP 	target: height = np.float64(0.05)
8.1357 	EXP 	target: text = 'HAPPY'
8.2529 	EXP 	Device response: <KeyPress from None: t=8.107929799938574, value=b, duration=0.134731600061059>
9.1205 	INFO 	Keyboard events cleared
9.1202 	EXP 	target: autoDraw = True
9.7537 	EXP 	Device response: <KeyPress from None: t=9.744338399963453, value=k, duration=None>
9.7541 	EXP 	New trial (rep=0, index=5): <Trial 5 (5 in rep 0) data={'word': 'FORK', 'color': 'red', 'condition': 'Incongruent', 'correctresponsekey': 'r', 'thisN': 5, 'thisTrialN': 5, 'thisRepN': 0}>
9.7647 	DATA 	Keypress: k
9.7701 	EXP 	target: autoDraw = False
9.7701 	EXP 	target: foreColor = <psychopy.colors.Color: red, alpha=1.0>
9.7701 	EXP 	target: height = np.float64(0.05)
9.7701 	EXP 	target: height = np.float64(0.05)
9.7701 	EXP 	target: height = np.float64(0.05)
9.7701 	EXP 	target: text = 'FORK'
9.8699 	EXP 	Device response: <KeyPress from None: t=9.744338399963453, value=k, duration=0.12182800006121397>
10.7538 	INFO 	Keyboard events cleared
10.7536 	EXP 	target: autoDraw = True
11.2868 	EXP 	Device response: <KeyPress from None: t=11.284708499908447, value=b, duration=None>
11.2871 	EXP 	New trial (rep=0, index=6): <Trial 6 (6 in rep 0) data={'word': 'PEN', 'color': 'yellow', 'condition': 'Incongruent', 'correctresponsekey': 'k', 'thisN': 6, 'thisTrialN': 6, 'thisRepN': 0}>
11.2924 	DATA 	Keypress: b
11.3036 	EXP 	target: autoDraw = False
11.3036 	EXP 	target: foreColor = <psychopy.colors.Color: yellow, alpha=1.0>
11.3036 	EXP 	target: height = np.float64(0.05)
11.3036 	EXP 	target: height = np.float64(0.05)
11.3036 	EXP 	target: height = np.float64(0.05)
11.3036 	EXP 	target: text = 'PEN'
11.4198 	EXP 	Device response: <KeyPress from None: t=11.284708499908447, value=b, duration=0.13332989998161793>
12.2870 	INFO 	Keyboard events cleared
12.2868 	EXP 	target: autoDraw = True
12.7376 	EXP 	Device response: <KeyPress from None: t=12.728311199927703, value=k, duration=None>
12.7380 	EXP 	New trial (rep=0, index=7): <Trial 7 (7 in rep 0) data={'word': 'GLOOMY', 'color': 'pink', 'condition': 'Congruent', 'correctresponsekey': 'p', 'thisN': 7, 'thisTrialN': 7, 'thisRepN': 0}>
12.7474 	DATA 	Keypress: k
12.7530 	EXP 	target: autoDraw = False
12.7530 	EXP 	target: foreColor = <psychopy.colors.Color: pink, alpha=1.0>
12.7530 	EXP 	target: height = np.float64(0.05)
12.7530 	EXP 	target: height = np.float64(0.05)
12.7530 	EXP 	target: height = np.float64(0.05)
12.7530 	EXP 	target: text = 'GLOOMY'
12.8706 	EXP 	Device response: <KeyPress from None: t=12.728311199927703, value=k, duration=0.12695539998821914>
13.7533 	INFO 	Keyboard events cleared
13.7531 	EXP 	target: autoDraw = True
14.3705 	EXP 	Device response: <KeyPress from None: t=14.364723299862817, value=p, duration=None>
14.3708 	EXP 	New trial (rep=0, index=8): <Trial 8 (8 in rep 0) data={'word': 'HATE', 'color': 'pink', 'condition': 'Congruent', 'correctresponsekey': 'p', 'thisN': 8, 'thisTrialN': 8, 'thisRepN': 0}>
14.3758 	DATA 	Keypress: p
14.3855 	EXP 	target: autoDraw = False
14.3855 	EXP 	target: foreColor = <psychopy.colors.Color: pink, alpha=1.0>
14.3855 	EXP 	target: height = np.float64(0.05)
14.3855 	EXP 	target: height = np.float64(0.05)
14.3855 	EXP 	target: height = np.float64(0.05)
14.3855 	EXP 	target: text = 'HATE'
14.5705 	EXP 	Device response: <KeyPress from None: t=14.364723299862817, value=p, duration=0.2016778001561761>
15.3860 	INFO 	Keyboard events cleared
15.3858 	EXP 	target: autoDraw = True
15.8211 	EXP 	Device response: <KeyPress from None: t=15.817770800087601, value=p, duration=None>
15.8218 	EXP 	New trial (rep=0, index=9): <Trial 9 (9 in rep 0) data={'word': 'LIKE', 'color': 'blue', 'condition': 'Congruent', 'correctresponsekey': 'b', 'thisN': 9, 'thisTrialN': 9, 'thisRepN': 0}>
15.8327 	DATA 	Keypress: p
15.8378 	EXP 	target: autoDraw = False
15.8378 	EXP 	target: foreColor = <psychopy.colors.Color: blue, alpha=1.0>
15.8378 	EXP 	target: height = np.float64(0.05)
15.8378 	EXP 	target: height = np.float64(0.05)
15.8378 	EXP 	target: height = np.float64(0.05)
15.8378 	EXP 	target: text = 'LIKE'
15.9708 	EXP 	Device response: <KeyPress from None: t=15.817770800087601, value=p, duration=0.14181959978304803>
16.8210 	INFO 	Keyboard events cleared
16.8207 	EXP 	target: autoDraw = True
17.3716 	EXP 	Device response: <KeyPress from None: t=17.369562200037763, value=b, duration=None>
17.3723 	EXP 	New trial (rep=0, index=10): <Trial 10 (10 in rep 0) data={'word': 'SAD', 'color': 'blue', 'condition': 'Congruent', 'correctresponsekey': 'b', 'thisN': 10, 'thisTrialN': 10, 'thisRepN': 0}>
17.3820 	DATA 	Keypress: b
17.3864 	EXP 	target: autoDraw = False
17.3864 	EXP 	target: foreColor = <psychopy.colors.Color: blue, alpha=1.0>
17.3864 	EXP 	target: height = np.float64(0.05)
17.3864 	EXP 	target: height = np.float64(0.05)
17.3864 	EXP 	target: height = np.float64(0.05)
17.3864 	EXP 	target: text = 'SAD'
17.5039 	EXP 	Device response: <KeyPress from None: t=17.369562200037763, value=b, duration=0.13234649994410574>
18.3870 	INFO 	Keyboard events cleared
18.3867 	EXP 	target: autoDraw = True
18.8081 	DATA 	Keypress: b
18.8208 	EXP 	Device response: <KeyPress from None: t=18.806627499870956, value=b, duration=None>
18.8215 	EXP 	New trial (rep=0, index=11): <Trial 11 (11 in rep 0) data={'word': 'PENCIL', 'color': 'pink', 'condition': 'Incongruent', 'correctresponsekey': 'p', 'thisN': 11, 'thisTrialN': 11, 'thisRepN': 0}>
18.8368 	EXP 	target: autoDraw = False
18.8368 	EXP 	target: foreColor = <psychopy.colors.Color: pink, alpha=1.0>
18.8368 	EXP 	target: height = np.float64(0.05)
18.8368 	EXP 	target: height = np.float64(0.05)
18.8368 	EXP 	target: height = np.float64(0.05)
18.8368 	EXP 	target: text = 'PENCIL'
18.9707 	EXP 	Device response: <KeyPress from None: t=18.806627499870956, value=b, duration=0.16234920010901988>
19.8362 	INFO 	Keyboard events cleared
19.8359 	EXP 	target: autoDraw = True
20.4374 	EXP 	Device response: <KeyPress from None: t=20.430235999869183, value=p, duration=None>
20.4380 	EXP 	New trial (rep=0, index=12): <Trial 12 (12 in rep 0) data={'word': 'YELLOW', 'color': 'pink', 'condition': 'Congruent', 'correctresponsekey': 'p', 'thisN': 12, 'thisTrialN': 12, 'thisRepN': 0}>
20.4514 	DATA 	Keypress: p
20.4549 	EXP 	target: autoDraw = False
20.4549 	EXP 	target: foreColor = <psychopy.colors.Color: pink, alpha=1.0>
20.4549 	EXP 	target: height = np.float64(0.05)
20.4549 	EXP 	target: height = np.float64(0.05)
20.4549 	EXP 	target: height = np.float64(0.05)
20.4549 	EXP 	target: text = 'YELLOW'
20.6375 	EXP 	Device response: <KeyPress from None: t=20.430235999869183, value=p, duration=0.2045859000645578>
21.4537 	INFO 	Keyboard events cleared
21.4534 	EXP 	target: autoDraw = True
22.1040 	EXP 	Device response: <KeyPress from None: t=22.099513999884948, value=b, duration=None>
22.1043 	EXP 	New trial (rep=0, index=13): <Trial 13 (13 in rep 0) data={'word': 'LOVE', 'color': 'red', 'condition': 'Congruent', 'correctresponsekey': 'r', 'thisN': 13, 'thisTrialN': 13, 'thisRepN': 0}>
22.1123 	DATA 	Keypress: b
22.1200 	EXP 	target: autoDraw = False
22.1200 	EXP 	target: foreColor = <psychopy.colors.Color: red, alpha=1.0>
22.1200 	EXP 	target: height = np.float64(0.05)
22.1200 	EXP 	target: height = np.float64(0.05)
22.1200 	EXP 	target: height = np.float64(0.05)
22.1200 	EXP 	target: text = 'LOVE'
22.2367 	EXP 	Device response: <KeyPress from None: t=22.099513999884948, value=b, duration=0.1362350000999868>
23.1199 	INFO 	Keyboard events cleared
23.1197 	EXP 	target: autoDraw = True
23.5706 	EXP 	Device response: <KeyPress from None: t=23.560344399884343, value=p, duration=None>
23.5709 	EXP 	New trial (rep=0, index=14): <Trial 14 (14 in rep 0) data={'word': 'PINK', 'color': 'yellow', 'condition': 'Incongruent', 'correctresponsekey': 'k', 'thisN': 14, 'thisTrialN': 14, 'thisRepN': 0}>
23.5769 	DATA 	Keypress: p
23.5865 	EXP 	target: autoDraw = False
23.5865 	EXP 	target: foreColor = <psychopy.colors.Color: yellow, alpha=1.0>
23.5865 	EXP 	target: height = np.float64(0.05)
23.5865 	EXP 	target: height = np.float64(0.05)
23.5865 	EXP 	target: height = np.float64(0.05)
23.5865 	EXP 	target: text = 'PINK'
23.7701 	EXP 	Device response: <KeyPress from None: t=23.560344399884343, value=p, duration=0.19361210009083152>
24.5700 	INFO 	Keyboard events cleared
24.5698 	EXP 	target: autoDraw = True
25.0202 	EXP 	Device response: <KeyPress from None: t=25.017131499946117, value=k, duration=None>
25.0205 	EXP 	New trial (rep=0, index=15): <Trial 15 (15 in rep 0) data={'word': 'CHANGE', 'color': 'yellow', 'condition': 'Incongruent', 'correctresponsekey': 'k', 'thisN': 15, 'thisTrialN': 15, 'thisRepN': 0}>
25.0262 	DATA 	Keypress: k
25.0360 	EXP 	target: autoDraw = False
25.0360 	EXP 	target: foreColor = <psychopy.colors.Color: yellow, alpha=1.0>
25.0360 	EXP 	target: height = np.float64(0.05)
25.0360 	EXP 	target: height = np.float64(0.05)
25.0360 	EXP 	target: height = np.float64(0.05)
25.0360 	EXP 	target: text = 'CHANGE'
25.1528 	EXP 	Device response: <KeyPress from None: t=25.017131499946117, value=k, duration=0.13060240005142987>
26.0360 	INFO 	Keyboard events cleared
26.0357 	EXP 	target: autoDraw = True
26.4044 	EXP 	Device response: <KeyPress from None: t=26.403340100077912, value=p, duration=None>
26.4051 	EXP 	New trial (rep=0, index=16): <Trial 16 (16 in rep 0) data={'word': 'ANGER', 'color': 'red', 'condition': 'Congruent', 'correctresponsekey': 'r', 'thisN': 16, 'thisTrialN': 16, 'thisRepN': 0}>
26.4152 	DATA 	Keypress: p
26.4198 	EXP 	target: autoDraw = False
26.4198 	EXP 	target: foreColor = <psychopy.colors.Color: red, alpha=1.0>
26.4198 	EXP 	target: height = np.float64(0.05)
26.4198 	EXP 	target: height = np.float64(0.05)
26.4198 	EXP 	target: height = np.float64(0.05)
26.4198 	EXP 	target: text = 'ANGER'
26.6208 	EXP 	Device response: <KeyPress from None: t=26.403340100077912, value=p, duration=0.20071839983575046>
27.4203 	INFO 	Keyboard events cleared
27.4200 	EXP 	target: autoDraw = True
27.8232 	DATA 	Keypress: k
27.8377 	EXP 	Device response: <KeyPress from None: t=27.820427499944344, value=k, duration=None>
27.8384 	EXP 	New trial (rep=0, index=17): <Trial 17 (17 in rep 0) data={'word': 'TABLE', 'color': 'pink', 'condition': 'Incongruent', 'correctresponsekey': 'p', 'thisN': 17, 'thisTrialN': 17, 'thisRepN': 0}>
27.8612 	EXP 	target: autoDraw = False
27.8612 	EXP 	target: foreColor = <psychopy.colors.Color: pink, alpha=1.0>
27.8612 	EXP 	target: height = np.float64(0.05)
27.8612 	EXP 	target: height = np.float64(0.05)
27.8612 	EXP 	target: height = np.float64(0.05)
27.8612 	EXP 	target: text = 'TABLE'
27.9543 	EXP 	Device response: <KeyPress from None: t=27.820427499944344, value=k, duration=0.13023250014521182>
28.8526 	INFO 	Keyboard events cleared
28.8524 	EXP 	target: autoDraw = True
29.2032 	EXP 	Device response: <KeyPress from None: t=29.19958829996176, value=p, duration=None>
29.2035 	EXP 	New trial (rep=0, index=18): <Trial 18 (18 in rep 0) data={'word': 'RED', 'color': 'red', 'condition': 'Congruent', 'correctresponsekey': 'r', 'thisN': 18, 'thisTrialN': 18, 'thisRepN': 0}>
29.2084 	DATA 	Keypress: p
29.2187 	EXP 	target: autoDraw = False
29.2187 	EXP 	target: foreColor = <psychopy.colors.Color: red, alpha=1.0>
29.2187 	EXP 	target: height = np.float64(0.05)
29.2187 	EXP 	target: height = np.float64(0.05)
29.2187 	EXP 	target: height = np.float64(0.05)
29.2187 	EXP 	target: text = 'RED'
29.3702 	EXP 	Device response: <KeyPress from None: t=29.19958829996176, value=p, duration=0.15427540009841323>
30.2190 	INFO 	Keyboard events cleared
30.2189 	EXP 	target: autoDraw = True
30.7197 	EXP 	Device response: <KeyPress from None: t=30.708753200015053, value=p, duration=None>
30.7200 	EXP 	New trial (rep=0, index=19): <Trial 19 (19 in rep 0) data={'word': 'KNIFE', 'color': 'blue', 'condition': 'Incongruent', 'correctresponsekey': 'b', 'thisN': 19, 'thisTrialN': 19, 'thisRepN': 0}>
30.7259 	DATA 	Keypress: p
30.7352 	EXP 	target: autoDraw = False
30.7352 	EXP 	target: foreColor = <psychopy.colors.Color: blue, alpha=1.0>
30.7352 	EXP 	target: height = np.float64(0.05)
30.7352 	EXP 	target: height = np.float64(0.05)
30.7352 	EXP 	target: height = np.float64(0.05)
30.7352 	EXP 	target: text = 'KNIFE'
30.9027 	EXP 	Device response: <KeyPress from None: t=30.708753200015053, value=p, duration=0.1862083999440074>
31.7192 	INFO 	Keyboard events cleared
31.7189 	EXP 	target: autoDraw = True
31.9869 	EXP 	Device response: <KeyPress from None: t=31.986641200026497, value=p, duration=None>
31.9886 	DATA 	Keypress: p
32.0029 	EXP 	New trial (rep=1, index=0): <Trial 20 (0 in rep 1) data={'word': 'CHANGE', 'color': 'yellow', 'condition': 'Incongruent', 'correctresponsekey': 'k', 'thisN': 20, 'thisTrialN': 0, 'thisRepN': 1}>
32.0200 	EXP 	target: autoDraw = False
32.0200 	EXP 	target: foreColor = <psychopy.colors.Color: yellow, alpha=1.0>
32.0200 	EXP 	target: height = np.float64(0.05)
32.0200 	EXP 	target: height = np.float64(0.05)
32.0200 	EXP 	target: height = np.float64(0.05)
32.0200 	EXP 	target: text = 'CHANGE'
32.1700 	EXP 	Device response: <KeyPress from None: t=31.986641200026497, value=p, duration=0.18096769996918738>
33.0028 	INFO 	Keyboard events cleared
33.0025 	EXP 	target: autoDraw = True
33.1530 	EXP 	Device response: <KeyPress from None: t=33.142762100091204, value=p, duration=None>
33.1533 	EXP 	New trial (rep=1, index=1): <Trial 21 (1 in rep 1) data={'word': 'LIKE', 'color': 'blue', 'condition': 'Congruent', 'correctresponsekey': 'b', 'thisN': 21, 'thisTrialN': 1, 'thisRepN': 1}>
33.1586 	DATA 	Keypress: p
33.1691 	EXP 	target: autoDraw = False
33.1691 	EXP 	target: foreColor = <psychopy.colors.Color: blue, alpha=1.0>
33.1691 	EXP 	target: height = np.float64(0.05)
33.1691 	EXP 	target: height = np.float64(0.05)
33.1691 	EXP 	target: height = np.float64(0.05)
33.1691 	EXP 	target: text = 'LIKE'
33.3194 	EXP 	Device response: <KeyPress from None: t=33.142762100091204, value=p, duration=0.174380199983716>
34.1536 	INFO 	Keyboard events cleared
34.1534 	EXP 	target: autoDraw = True
35.0039 	EXP 	Device response: <KeyPress from None: t=35.001354000065476, value=b, duration=None>
35.0048 	EXP 	New trial (rep=1, index=2): <Trial 22 (2 in rep 1) data={'word': 'FORK', 'color': 'red', 'condition': 'Incongruent', 'correctresponsekey': 'r', 'thisN': 22, 'thisTrialN': 2, 'thisRepN': 1}>
35.0153 	DATA 	Keypress: b
35.0202 	EXP 	target: autoDraw = False
35.0202 	EXP 	target: foreColor = <psychopy.colors.Color: red, alpha=1.0>
35.0202 	EXP 	target: height = np.float64(0.05)
35.0202 	EXP 	target: height = np.float64(0.05)
35.0202 	EXP 	target: height = np.float64(0.05)
35.0202 	EXP 	target: text = 'FORK'
35.1704 	EXP 	Device response: <KeyPress from None: t=35.001354000065476, value=b, duration=0.16787809995003045>
36.0202 	INFO 	Keyboard events cleared
36.0199 	EXP 	target: autoDraw = True
36.6527 	EXP 	Device response: <KeyPress from None: t=36.64353629993275, value=b, duration=None>
36.6530 	EXP 	New trial (rep=1, index=3): <Trial 23 (3 in rep 1) data={'word': 'SPOON', 'color': 'yellow', 'condition': 'Incongruent', 'correctresponsekey': 'k', 'thisN': 23, 'thisTrialN': 3, 'thisRepN': 1}>
36.6585 	DATA 	Keypress: b
36.6687 	EXP 	target: autoDraw = False
36.6687 	EXP 	target: foreColor = <psychopy.colors.Color: yellow, alpha=1.0>
36.6687 	EXP 	target: height = np.float64(0.05)
36.6687 	EXP 	target: height = np.float64(0.05)
36.6687 	EXP 	target: height = np.float64(0.05)
36.6687 	EXP 	target: text = 'SPOON'
36.8357 	EXP 	Device response: <KeyPress from None: t=36.64353629993275, value=b, duration=0.18758570007048547>
37.6534 	INFO 	Keyboard events cleared
37.6532 	EXP 	target: autoDraw = True
38.4040 	EXP 	Device response: <KeyPress from None: t=38.39115420007147, value=k, duration=None>
38.4047 	EXP 	New trial (rep=1, index=4): <Trial 24 (4 in rep 1) data={'word': 'YELLOW', 'color': 'pink', 'condition': 'Congruent', 'correctresponsekey': 'p', 'thisN': 24, 'thisTrialN': 4, 'thisRepN': 1}>
38.4168 	DATA 	Keypress: k
38.4207 	EXP 	target: autoDraw = False
38.4207 	EXP 	target: foreColor = <psychopy.colors.Color: pink, alpha=1.0>
38.4207 	EXP 	target: height = np.float64(0.05)
38.4207 	EXP 	target: height = np.float64(0.05)
38.4207 	EXP 	target: height = np.float64(0.05)
38.4207 	EXP 	target: text = 'YELLOW'
38.5039 	EXP 	Device response: <KeyPress from None: t=38.39115420007147, value=k, duration=0.10822149994783103>
39.4191 	INFO 	Keyboard events cleared
39.4188 	EXP 	target: autoDraw = True
40.2366 	EXP 	Device response: <KeyPress from None: t=40.233596599893644, value=k, duration=None>
40.2370 	EXP 	New trial (rep=1, index=5): <Trial 25 (5 in rep 1) data={'word': 'LOVE', 'color': 'red', 'condition': 'Congruent', 'correctresponsekey': 'r', 'thisN': 25, 'thisTrialN': 5, 'thisRepN': 1}>
40.2436 	DATA 	Keypress: k
40.2530 	EXP 	target: autoDraw = False
40.2530 	EXP 	target: foreColor = <psychopy.colors.Color: red, alpha=1.0>
40.2530 	EXP 	target: height = np.float64(0.05)
40.2530 	EXP 	target: height = np.float64(0.05)
40.2530 	EXP 	target: height = np.float64(0.05)
40.2530 	EXP 	target: text = 'LOVE'
40.3872 	EXP 	Device response: <KeyPress from None: t=40.233596599893644, value=k, duration=0.13862630003131926>
41.2532 	INFO 	Keyboard events cleared
41.2530 	EXP 	target: autoDraw = True
42.0747 	DATA 	Keypress: b
42.0876 	EXP 	Device response: <KeyPress from None: t=42.07222809991799, value=b, duration=None>
42.0883 	EXP 	New trial (rep=1, index=6): <Trial 26 (6 in rep 1) data={'word': 'ANGER', 'color': 'red', 'condition': 'Congruent', 'correctresponsekey': 'r', 'thisN': 26, 'thisTrialN': 6, 'thisRepN': 1}>
42.1029 	EXP 	target: autoDraw = False
42.1029 	EXP 	target: foreColor = <psychopy.colors.Color: red, alpha=1.0>
42.1029 	EXP 	target: height = np.float64(0.05)
42.1029 	EXP 	target: height = np.float64(0.05)
42.1029 	EXP 	target: height = np.float64(0.05)
42.1029 	EXP 	target: text = 'ANGER'
42.2543 	EXP 	Device response: <KeyPress from None: t=42.07222809991799, value=b, duration=0.17429830017499626>
43.1037 	INFO 	Keyboard events cleared
43.1034 	EXP 	target: autoDraw = True
43.6534 	EXP 	Device response: <KeyPress from None: t=43.65167480008677, value=k, duration=None>
43.6540 	EXP 	New trial (rep=1, index=7): <Trial 27 (7 in rep 1) data={'word': 'TABLE', 'color': 'pink', 'condition': 'Incongruent', 'correctresponsekey': 'p', 'thisN': 27, 'thisTrialN': 7, 'thisRepN': 1}>
43.6650 	DATA 	Keypress: k
43.6694 	EXP 	target: autoDraw = False
43.6694 	EXP 	target: foreColor = <psychopy.colors.Color: pink, alpha=1.0>
43.6694 	EXP 	target: height = np.float64(0.05)
43.6694 	EXP 	target: height = np.float64(0.05)
43.6694 	EXP 	target: height = np.float64(0.05)
43.6694 	EXP 	target: text = 'TABLE'
43.7706 	EXP 	Device response: <KeyPress from None: t=43.65167480008677, value=k, duration=0.10881199990399182>
44.6538 	INFO 	Keyboard events cleared
44.6533 	EXP 	target: autoDraw = True
45.1239 	DATA 	Keypress: b
45.1386 	EXP 	Device response: <KeyPress from None: t=45.122502099955454, value=b, duration=None>
45.1392 	EXP 	New trial (rep=1, index=8): <Trial 28 (8 in rep 1) data={'word': 'DISSAPPOINTED', 'color': 'blue', 'condition': 'Conguent', 'correctresponsekey': 'b', 'thisN': 28, 'thisTrialN': 8, 'thisRepN': 1}>
45.1533 	EXP 	target: autoDraw = False
45.1533 	EXP 	target: foreColor = <psychopy.colors.Color: blue, alpha=1.0>
45.1533 	EXP 	target: height = np.float64(0.05)
45.1533 	EXP 	target: height = np.float64(0.05)
45.1533 	EXP 	target: height = np.float64(0.05)
45.1533 	EXP 	target: text = 'DISSAPPOINTED'
45.2705 	EXP 	Device response: <KeyPress from None: t=45.122502099955454, value=b, duration=0.14169550011865795>
46.1530 	INFO 	Keyboard events cleared
46.1527 	EXP 	target: autoDraw = True
46.5559 	DATA 	Keypress: k
46.5700 	EXP 	Device response: <KeyPress from None: t=46.55508379987441, value=k, duration=None>
46.5704 	EXP 	New trial (rep=1, index=9): <Trial 29 (9 in rep 1) data={'word': 'SAD', 'color': 'blue', 'condition': 'Congruent', 'correctresponsekey': 'b', 'thisN': 29, 'thisTrialN': 9, 'thisRepN': 1}>
46.5858 	EXP 	target: autoDraw = False
46.5858 	EXP 	target: foreColor = <psychopy.colors.Color: blue, alpha=1.0>
46.5858 	EXP 	target: height = np.float64(0.05)
46.5858 	EXP 	target: height = np.float64(0.05)
46.5858 	EXP 	target: height = np.float64(0.05)
46.5858 	EXP 	target: text = 'SAD'
46.6699 	EXP 	Device response: <KeyPress from None: t=46.55508379987441, value=k, duration=0.11248920019716024>
47.5698 	INFO 	Keyboard events cleared
47.5696 	EXP 	target: autoDraw = True
48.0701 	EXP 	Device response: <KeyPress from None: t=48.065830499865115, value=b, duration=None>
48.0704 	EXP 	New trial (rep=1, index=10): <Trial 30 (10 in rep 1) data={'word': 'RED', 'color': 'red', 'condition': 'Congruent', 'correctresponsekey': 'r', 'thisN': 30, 'thisTrialN': 10, 'thisRepN': 1}>
48.2109 	EXP 	Device response: <KeyPress from None: t=48.065830499865115, value=b, duration=0.13508110004477203>
48.2119 	DATA 	Keypress: b
48.2159 	EXP 	target: autoDraw = False
48.2159 	EXP 	target: foreColor = <psychopy.colors.Color: red, alpha=1.0>
48.2159 	EXP 	target: height = np.float64(0.05)
48.2159 	EXP 	target: height = np.float64(0.05)
48.2159 	EXP 	target: height = np.float64(0.05)
48.2159 	EXP 	target: text = 'RED'
49.0829 	INFO 	Keyboard events cleared
49.0827 	EXP 	target: autoDraw = True
49.6827 	EXP 	Device response: <KeyPress from None: t=49.67702669999562, value=r, duration=None>
49.6831 	EXP 	New trial (rep=1, index=11): <Trial 31 (11 in rep 1) data={'word': 'PEN', 'color': 'yellow', 'condition': 'Incongruent', 'correctresponsekey': 'k', 'thisN': 31, 'thisTrialN': 11, 'thisRepN': 1}>
49.6879 	DATA 	Keypress: r
49.6983 	EXP 	target: autoDraw = False
49.6983 	EXP 	target: foreColor = <psychopy.colors.Color: yellow, alpha=1.0>
49.6983 	EXP 	target: height = np.float64(0.05)
49.6983 	EXP 	target: height = np.float64(0.05)
49.6983 	EXP 	target: height = np.float64(0.05)
49.6983 	EXP 	target: text = 'PEN'
49.8003 	EXP 	Device response: <KeyPress from None: t=49.67702669999562, value=r, duration=0.11156379990279675>
50.6829 	INFO 	Keyboard events cleared
50.6827 	EXP 	target: autoDraw = True
51.5334 	EXP 	Device response: <KeyPress from None: t=51.5236009999644, value=k, duration=None>
51.5337 	EXP 	New trial (rep=1, index=12): <Trial 32 (12 in rep 1) data={'word': 'HAPPY', 'color': 'yellow', 'condition': 'Congruent', 'correctresponsekey': 'k', 'thisN': 32, 'thisTrialN': 12, 'thisRepN': 1}>
51.5395 	DATA 	Keypress: k
51.5493 	EXP 	target: autoDraw = False
51.5493 	EXP 	target: foreColor = <psychopy.colors.Color: yellow, alpha=1.0>
51.5493 	EXP 	target: height = np.float64(0.05)
51.5493 	EXP 	target: height = np.float64(0.05)
51.5493 	EXP 	target: height = np.float64(0.05)
51.5493 	EXP 	target: text = 'HAPPY'
51.6666 	EXP 	Device response: <KeyPress from None: t=51.5236009999644, value=k, duration=0.14070350001566112>
52.5497 	INFO 	Keyboard events cleared
52.5495 	EXP 	target: autoDraw = True
53.0683 	DATA 	Keypress: k
53.0834 	EXP 	Device response: <KeyPress from None: t=53.06701330002397, value=k, duration=None>
53.0838 	EXP 	New trial (rep=1, index=13): <Trial 33 (13 in rep 1) data={'word': 'GREEN', 'color': 'blue', 'condition': 'Incongruent', 'correctresponsekey': 'b', 'thisN': 33, 'thisTrialN': 13, 'thisRepN': 1}>
53.0986 	EXP 	target: autoDraw = False
53.0986 	EXP 	target: foreColor = <psychopy.colors.Color: blue, alpha=1.0>
53.0986 	EXP 	target: height = np.float64(0.05)
53.0986 	EXP 	target: height = np.float64(0.05)
53.0986 	EXP 	target: height = np.float64(0.05)
53.0986 	EXP 	target: text = 'GREEN'
53.2165 	EXP 	Device response: <KeyPress from None: t=53.06701330002397, value=k, duration=0.1443711998872459>
54.0832 	INFO 	Keyboard events cleared
54.0829 	EXP 	target: autoDraw = True
55.0490 	EXP 	Device response: <KeyPress from None: t=55.03595539997332, value=b, duration=None>
55.0494 	EXP 	New trial (rep=1, index=14): <Trial 34 (14 in rep 1) data={'word': 'PINK', 'color': 'yellow', 'condition': 'Incongruent', 'correctresponsekey': 'k', 'thisN': 34, 'thisTrialN': 14, 'thisRepN': 1}>
55.0598 	DATA 	Keypress: b
55.0652 	EXP 	target: autoDraw = False
55.0652 	EXP 	target: foreColor = <psychopy.colors.Color: yellow, alpha=1.0>
55.0652 	EXP 	target: height = np.float64(0.05)
55.0652 	EXP 	target: height = np.float64(0.05)
55.0652 	EXP 	target: height = np.float64(0.05)
55.0652 	EXP 	target: text = 'PINK'
55.2003 	EXP 	Device response: <KeyPress from None: t=55.03595539997332, value=b, duration=0.14821749995462596>
56.0497 	INFO 	Keyboard events cleared
56.0495 	EXP 	target: autoDraw = True
56.7832 	EXP 	Device response: <KeyPress from None: t=56.7805437000934, value=k, duration=None>
56.7835 	EXP 	New trial (rep=1, index=15): <Trial 35 (15 in rep 1) data={'word': 'HATE', 'color': 'pink', 'condition': 'Congruent', 'correctresponsekey': 'p', 'thisN': 35, 'thisTrialN': 15, 'thisRepN': 1}>
56.7880 	DATA 	Keypress: k
56.7994 	EXP 	target: autoDraw = False
56.7994 	EXP 	target: foreColor = <psychopy.colors.Color: pink, alpha=1.0>
56.7994 	EXP 	target: height = np.float64(0.05)
56.7994 	EXP 	target: height = np.float64(0.05)
56.7994 	EXP 	target: height = np.float64(0.05)
56.7994 	EXP 	target: text = 'HATE'
56.9161 	EXP 	Device response: <KeyPress from None: t=56.7805437000934, value=k, duration=0.1334015999455005>
57.7825 	INFO 	Keyboard events cleared
57.7822 	EXP 	target: autoDraw = True
58.3998 	EXP 	Device response: <KeyPress from None: t=58.390384800033644, value=k, duration=None>
58.4002 	EXP 	New trial (rep=1, index=16): <Trial 36 (16 in rep 1) data={'word': 'GLOOMY', 'color': 'pink', 'condition': 'Congruent', 'correctresponsekey': 'p', 'thisN': 36, 'thisTrialN': 16, 'thisRepN': 1}>
58.4065 	DATA 	Keypress: k
58.4150 	EXP 	target: autoDraw = False
58.4150 	EXP 	target: foreColor = <psychopy.colors.Color: pink, alpha=1.0>
58.4150 	EXP 	target: height = np.float64(0.05)
58.4150 	EXP 	target: height = np.float64(0.05)
58.4150 	EXP 	target: height = np.float64(0.05)
58.4150 	EXP 	target: text = 'GLOOMY'
58.5498 	EXP 	Device response: <KeyPress from None: t=58.390384800033644, value=k, duration=0.15490840002894402>
59.4161 	INFO 	Keyboard events cleared
59.4158 	EXP 	target: autoDraw = True
59.9332 	EXP 	Device response: <KeyPress from None: t=59.9315414999146, value=k, duration=None>
59.9338 	EXP 	New trial (rep=1, index=17): <Trial 37 (17 in rep 1) data={'word': 'CHAIR', 'color': 'red', 'condition': 'Incongruent', 'correctresponsekey': 'r', 'thisN': 37, 'thisTrialN': 17, 'thisRepN': 1}>
59.9450 	DATA 	Keypress: k
59.9495 	EXP 	target: autoDraw = False
59.9495 	EXP 	target: foreColor = <psychopy.colors.Color: red, alpha=1.0>
59.9495 	EXP 	target: height = np.float64(0.05)
59.9495 	EXP 	target: height = np.float64(0.05)
59.9495 	EXP 	target: height = np.float64(0.05)
59.9495 	EXP 	target: text = 'CHAIR'
60.0999 	EXP 	Device response: <KeyPress from None: t=59.9315414999146, value=k, duration=0.15262180007994175>
60.9327 	INFO 	Keyboard events cleared
60.9323 	EXP 	target: autoDraw = True
61.6001 	EXP 	Device response: <KeyPress from None: t=61.58984989998862, value=b, duration=None>
61.6008 	EXP 	New trial (rep=1, index=18): <Trial 38 (18 in rep 1) data={'word': 'PENCIL', 'color': 'pink', 'condition': 'Incongruent', 'correctresponsekey': 'p', 'thisN': 38, 'thisTrialN': 18, 'thisRepN': 1}>
61.6141 	DATA 	Keypress: b
61.6181 	EXP 	target: autoDraw = False
61.6181 	EXP 	target: foreColor = <psychopy.colors.Color: pink, alpha=1.0>
61.6181 	EXP 	target: height = np.float64(0.05)
61.6181 	EXP 	target: height = np.float64(0.05)
61.6181 	EXP 	target: height = np.float64(0.05)
61.6181 	EXP 	target: text = 'PENCIL'
61.7837 	EXP 	Device response: <KeyPress from None: t=61.58984989998862, value=b, duration=0.18391210003755987>
62.6166 	INFO 	Keyboard events cleared
62.6163 	EXP 	target: autoDraw = True
63.0675 	EXP 	Device response: <KeyPress from None: t=63.05724860006012, value=k, duration=None>
63.0684 	EXP 	New trial (rep=1, index=19): <Trial 39 (19 in rep 1) data={'word': 'KNIFE', 'color': 'blue', 'condition': 'Incongruent', 'correctresponsekey': 'b', 'thisN': 39, 'thisTrialN': 19, 'thisRepN': 1}>
63.0746 	DATA 	Keypress: k
63.0822 	EXP 	target: autoDraw = False
63.0822 	EXP 	target: foreColor = <psychopy.colors.Color: blue, alpha=1.0>
63.0822 	EXP 	target: height = np.float64(0.05)
63.0822 	EXP 	target: height = np.float64(0.05)
63.0822 	EXP 	target: height = np.float64(0.05)
63.0822 	EXP 	target: text = 'KNIFE'
63.2002 	EXP 	Device response: <KeyPress from None: t=63.05724860006012, value=k, duration=0.14211170002818108>
64.0827 	INFO 	Keyboard events cleared
64.0824 	EXP 	target: autoDraw = True
64.8320 	EXP 	Device response: <KeyPress from None: t=64.82984949997626, value=k, duration=None>
64.8324 	EXP 	New trial (rep=2, index=0): <Trial 40 (0 in rep 2) data={'word': 'SPOON', 'color': 'yellow', 'condition': 'Incongruent', 'correctresponsekey': 'k', 'thisN': 40, 'thisTrialN': 0, 'thisRepN': 2}>
64.8380 	DATA 	Keypress: k
64.8477 	EXP 	target: autoDraw = False
64.8477 	EXP 	target: foreColor = <psychopy.colors.Color: yellow, alpha=1.0>
64.8477 	EXP 	target: height = np.float64(0.05)
64.8477 	EXP 	target: height = np.float64(0.05)
64.8477 	EXP 	target: height = np.float64(0.05)
64.8477 	EXP 	target: text = 'SPOON'
64.9662 	EXP 	Device response: <KeyPress from None: t=64.82984949997626, value=k, duration=0.12430849997326732>
65.8330 	INFO 	Keyboard events cleared
65.8327 	EXP 	target: autoDraw = True
66.8176 	EXP 	New trial (rep=2, index=1): <Trial 41 (1 in rep 2) data={'word': 'PEN', 'color': 'yellow', 'condition': 'Incongruent', 'correctresponsekey': 'k', 'thisN': 41, 'thisTrialN': 1, 'thisRepN': 2}>
66.8331 	EXP 	target: autoDraw = False
66.8331 	EXP 	target: autoDraw = False
66.8331 	EXP 	target: foreColor = <psychopy.colors.Color: yellow, alpha=1.0>
66.8331 	EXP 	target: height = np.float64(0.05)
66.8331 	EXP 	target: height = np.float64(0.05)
66.8331 	EXP 	target: height = np.float64(0.05)
66.8331 	EXP 	target: text = 'PEN'
66.8665 	EXP 	Device response: <KeyPress from None: t=66.859882599907, value=b, duration=None>
66.8689 	DATA 	Keypress: b
67.0165 	EXP 	Device response: <KeyPress from None: t=66.859882599907, value=b, duration=0.15427160006947815>
67.8319 	INFO 	Keyboard events cleared
67.8317 	EXP 	target: autoDraw = True
68.5495 	EXP 	Device response: <KeyPress from None: t=68.54769809986465, value=k, duration=None>
68.5499 	EXP 	New trial (rep=2, index=2): <Trial 42 (2 in rep 2) data={'word': 'DISSAPPOINTED', 'color': 'blue', 'condition': 'Conguent', 'correctresponsekey': 'b', 'thisN': 42, 'thisTrialN': 2, 'thisRepN': 2}>
68.5568 	DATA 	Keypress: k
68.5661 	EXP 	target: autoDraw = False
68.5661 	EXP 	target: foreColor = <psychopy.colors.Color: blue, alpha=1.0>
68.5661 	EXP 	target: height = np.float64(0.05)
68.5661 	EXP 	target: height = np.float64(0.05)
68.5661 	EXP 	target: height = np.float64(0.05)
68.5661 	EXP 	target: text = 'DISSAPPOINTED'
68.6991 	EXP 	Device response: <KeyPress from None: t=68.54769809986465, value=k, duration=0.14934250013902783>
69.5494 	INFO 	Keyboard events cleared
69.5492 	EXP 	target: autoDraw = True
70.1659 	EXP 	Device response: <KeyPress from None: t=70.16137659992091, value=b, duration=None>
70.1663 	EXP 	New trial (rep=2, index=3): <Trial 43 (3 in rep 2) data={'word': 'HAPPY', 'color': 'yellow', 'condition': 'Congruent', 'correctresponsekey': 'k', 'thisN': 43, 'thisTrialN': 3, 'thisRepN': 2}>
70.1733 	DATA 	Keypress: b
70.1827 	EXP 	target: autoDraw = False
70.1827 	EXP 	target: foreColor = <psychopy.colors.Color: yellow, alpha=1.0>
70.1827 	EXP 	target: height = np.float64(0.05)
70.1827 	EXP 	target: height = np.float64(0.05)
70.1827 	EXP 	target: height = np.float64(0.05)
70.1827 	EXP 	target: text = 'HAPPY'
70.3160 	EXP 	Device response: <KeyPress from None: t=70.16137659992091, value=b, duration=0.15176340006291866>
71.1658 	INFO 	Keyboard events cleared
71.1656 	EXP 	target: autoDraw = True
71.6328 	EXP 	Device response: <KeyPress from None: t=71.6236350000836, value=k, duration=None>
71.6331 	EXP 	New trial (rep=2, index=4): <Trial 44 (4 in rep 2) data={'word': 'TABLE', 'color': 'pink', 'condition': 'Incongruent', 'correctresponsekey': 'p', 'thisN': 44, 'thisTrialN': 4, 'thisRepN': 2}>
71.6383 	DATA 	Keypress: k
71.6489 	EXP 	target: autoDraw = False
71.6489 	EXP 	target: foreColor = <psychopy.colors.Color: pink, alpha=1.0>
71.6489 	EXP 	target: height = np.float64(0.05)
71.6489 	EXP 	target: height = np.float64(0.05)
71.6489 	EXP 	target: height = np.float64(0.05)
71.6489 	EXP 	target: text = 'TABLE'
71.7997 	EXP 	Device response: <KeyPress from None: t=71.6236350000836, value=k, duration=0.1610633998643607>
72.6322 	INFO 	Keyboard events cleared
72.6320 	EXP 	target: autoDraw = True
73.3485 	EXP 	Device response: <KeyPress from None: t=73.33591930009425, value=b, duration=None>
73.3488 	EXP 	New trial (rep=2, index=5): <Trial 45 (5 in rep 2) data={'word': 'LIKE', 'color': 'blue', 'condition': 'Congruent', 'correctresponsekey': 'b', 'thisN': 45, 'thisTrialN': 5, 'thisRepN': 2}>
73.3536 	DATA 	Keypress: b
73.3644 	EXP 	target: autoDraw = False
73.3644 	EXP 	target: foreColor = <psychopy.colors.Color: blue, alpha=1.0>
73.3644 	EXP 	target: height = np.float64(0.05)
73.3644 	EXP 	target: height = np.float64(0.05)
73.3644 	EXP 	target: height = np.float64(0.05)
73.3644 	EXP 	target: text = 'LIKE'
73.5161 	EXP 	Device response: <KeyPress from None: t=73.33591930009425, value=b, duration=0.1646800998132676>
74.3494 	INFO 	Keyboard events cleared
74.3492 	EXP 	target: autoDraw = True
74.7486 	EXP 	Device response: <KeyPress from None: t=74.73706969991326, value=k, duration=None>
74.7490 	EXP 	New trial (rep=2, index=6): <Trial 46 (6 in rep 2) data={'word': 'SAD', 'color': 'blue', 'condition': 'Congruent', 'correctresponsekey': 'b', 'thisN': 46, 'thisTrialN': 6, 'thisRepN': 2}>
74.7545 	DATA 	Keypress: k
74.7649 	EXP 	target: autoDraw = False
74.7649 	EXP 	target: foreColor = <psychopy.colors.Color: blue, alpha=1.0>
74.7649 	EXP 	target: height = np.float64(0.05)
74.7649 	EXP 	target: height = np.float64(0.05)
74.7649 	EXP 	target: height = np.float64(0.05)
74.7649 	EXP 	target: text = 'SAD'
74.8653 	EXP 	Device response: <KeyPress from None: t=74.73706969991326, value=k, duration=0.12802830012515187>
75.7495 	INFO 	Keyboard events cleared
75.7492 	EXP 	target: autoDraw = True
76.1654 	EXP 	Device response: <KeyPress from None: t=76.16386600001715, value=k, duration=None>
76.1658 	EXP 	New trial (rep=2, index=7): <Trial 47 (7 in rep 2) data={'word': 'ANGER', 'color': 'red', 'condition': 'Congruent', 'correctresponsekey': 'r', 'thisN': 47, 'thisTrialN': 7, 'thisRepN': 2}>
76.1731 	DATA 	Keypress: k
76.1822 	EXP 	target: autoDraw = False
76.1822 	EXP 	target: foreColor = <psychopy.colors.Color: red, alpha=1.0>
76.1822 	EXP 	target: height = np.float64(0.05)
76.1822 	EXP 	target: height = np.float64(0.05)
76.1822 	EXP 	target: height = np.float64(0.05)
76.1822 	EXP 	target: text = 'ANGER'
76.3169 	EXP 	Device response: <KeyPress from None: t=76.16386600001715, value=k, duration=0.14273089985363185>
77.1660 	INFO 	Keyboard events cleared
77.1658 	EXP 	target: autoDraw = True
77.8658 	EXP 	Device response: <KeyPress from None: t=77.85218330007046, value=r, duration=None>
77.8662 	EXP 	New trial (rep=2, index=8): <Trial 48 (8 in rep 2) data={'word': 'CHANGE', 'color': 'yellow', 'condition': 'Incongruent', 'correctresponsekey': 'k', 'thisN': 48, 'thisTrialN': 8, 'thisRepN': 2}>
77.8710 	DATA 	Keypress: r
77.8818 	EXP 	target: autoDraw = False
77.8818 	EXP 	target: foreColor = <psychopy.colors.Color: yellow, alpha=1.0>
77.8818 	EXP 	target: height = np.float64(0.05)
77.8818 	EXP 	target: height = np.float64(0.05)
77.8818 	EXP 	target: height = np.float64(0.05)
77.8818 	EXP 	target: text = 'CHANGE'
78.1325 	EXP 	Device response: <KeyPress from None: t=77.85218330007046, value=r, duration=0.2768056998029351>
78.8656 	INFO 	Keyboard events cleared
78.8654 	EXP 	target: autoDraw = True
79.4495 	EXP 	Device response: <KeyPress from None: t=79.43462290009484, value=k, duration=None>
79.4499 	EXP 	New trial (rep=2, index=9): <Trial 49 (9 in rep 2) data={'word': 'KNIFE', 'color': 'blue', 'condition': 'Incongruent', 'correctresponsekey': 'b', 'thisN': 49, 'thisTrialN': 9, 'thisRepN': 2}>
79.4555 	DATA 	Keypress: k
79.4657 	EXP 	target: autoDraw = False
79.4657 	EXP 	target: foreColor = <psychopy.colors.Color: blue, alpha=1.0>
79.4657 	EXP 	target: height = np.float64(0.05)
79.4657 	EXP 	target: height = np.float64(0.05)
79.4657 	EXP 	target: height = np.float64(0.05)
79.4657 	EXP 	target: text = 'KNIFE'
79.5822 	EXP 	Device response: <KeyPress from None: t=79.43462290009484, value=k, duration=0.13590139988809824>
80.4662 	INFO 	Keyboard events cleared
80.4659 	EXP 	target: autoDraw = True
81.2328 	EXP 	Device response: <KeyPress from None: t=81.23131960001774, value=k, duration=None>
81.2334 	EXP 	New trial (rep=2, index=10): <Trial 50 (10 in rep 2) data={'word': 'PINK', 'color': 'yellow', 'condition': 'Incongruent', 'correctresponsekey': 'k', 'thisN': 50, 'thisTrialN': 10, 'thisRepN': 2}>
81.2449 	DATA 	Keypress: k
81.2492 	EXP 	target: autoDraw = False
81.2492 	EXP 	target: foreColor = <psychopy.colors.Color: yellow, alpha=1.0>
81.2492 	EXP 	target: height = np.float64(0.05)
81.2492 	EXP 	target: height = np.float64(0.05)
81.2492 	EXP 	target: height = np.float64(0.05)
81.2492 	EXP 	target: text = 'PINK'
81.3999 	EXP 	Device response: <KeyPress from None: t=81.23131960001774, value=k, duration=0.15744869993068278>
82.2501 	INFO 	Keyboard events cleared
82.2499 	EXP 	target: autoDraw = True
82.7337 	EXP 	Device response: <KeyPress from None: t=82.7267426000908, value=k, duration=None>
82.7345 	EXP 	New trial (rep=2, index=11): <Trial 51 (11 in rep 2) data={'word': 'RED', 'color': 'red', 'condition': 'Congruent', 'correctresponsekey': 'r', 'thisN': 51, 'thisTrialN': 11, 'thisRepN': 2}>
82.7437 	DATA 	Keypress: k
82.7491 	EXP 	target: autoDraw = False
82.7491 	EXP 	target: foreColor = <psychopy.colors.Color: red, alpha=1.0>
82.7491 	EXP 	target: height = np.float64(0.05)
82.7491 	EXP 	target: height = np.float64(0.05)
82.7491 	EXP 	target: height = np.float64(0.05)
82.7491 	EXP 	target: text = 'RED'
82.8501 	EXP 	Device response: <KeyPress from None: t=82.7267426000908, value=k, duration=0.10816829977557063>
83.7492 	INFO 	Keyboard events cleared
83.7489 	EXP 	target: autoDraw = True
84.4323 	EXP 	Device response: <KeyPress from None: t=84.4210004999768, value=b, duration=None>
84.4328 	EXP 	New trial (rep=2, index=12): <Trial 52 (12 in rep 2) data={'word': 'FORK', 'color': 'red', 'condition': 'Incongruent', 'correctresponsekey': 'r', 'thisN': 52, 'thisTrialN': 12, 'thisRepN': 2}>
84.4408 	DATA 	Keypress: b
84.4482 	EXP 	target: autoDraw = False
84.4482 	EXP 	target: foreColor = <psychopy.colors.Color: red, alpha=1.0>
84.4482 	EXP 	target: height = np.float64(0.05)
84.4482 	EXP 	target: height = np.float64(0.05)
84.4482 	EXP 	target: height = np.float64(0.05)
84.4482 	EXP 	target: text = 'FORK'
84.6484 	EXP 	Device response: <KeyPress from None: t=84.4210004999768, value=b, duration=0.2218420000281185>
85.4327 	INFO 	Keyboard events cleared
85.4325 	EXP 	target: autoDraw = True
86.0538 	DATA 	Keypress: k
86.0665 	EXP 	Device response: <KeyPress from None: t=86.0505713999737, value=k, duration=None>
86.0672 	EXP 	New trial (rep=2, index=13): <Trial 53 (13 in rep 2) data={'word': 'CHAIR', 'color': 'red', 'condition': 'Incongruent', 'correctresponsekey': 'r', 'thisN': 53, 'thisTrialN': 13, 'thisRepN': 2}>
86.0820 	EXP 	target: autoDraw = False
86.0820 	EXP 	target: foreColor = <psychopy.colors.Color: red, alpha=1.0>
86.0820 	EXP 	target: height = np.float64(0.05)
86.0820 	EXP 	target: height = np.float64(0.05)
86.0820 	EXP 	target: height = np.float64(0.05)
86.0820 	EXP 	target: text = 'CHAIR'
86.2167 	EXP 	Device response: <KeyPress from None: t=86.0505713999737, value=k, duration=0.16409859992563725>
87.0830 	INFO 	Keyboard events cleared
87.0827 	EXP 	target: autoDraw = True
87.6326 	EXP 	Device response: <KeyPress from None: t=87.63091499987058, value=r, duration=None>
87.6333 	EXP 	New trial (rep=2, index=14): <Trial 54 (14 in rep 2) data={'word': 'GREEN', 'color': 'blue', 'condition': 'Incongruent', 'correctresponsekey': 'b', 'thisN': 54, 'thisTrialN': 14, 'thisRepN': 2}>
87.6437 	DATA 	Keypress: r
87.6485 	EXP 	target: autoDraw = False
87.6485 	EXP 	target: foreColor = <psychopy.colors.Color: blue, alpha=1.0>
87.6485 	EXP 	target: height = np.float64(0.05)
87.6485 	EXP 	target: height = np.float64(0.05)
87.6485 	EXP 	target: height = np.float64(0.05)
87.6485 	EXP 	target: text = 'GREEN'
87.7997 	EXP 	Device response: <KeyPress from None: t=87.63091499987058, value=r, duration=0.1573989000171423>
88.6323 	INFO 	Keyboard events cleared
88.6320 	EXP 	target: autoDraw = True
89.2662 	EXP 	Device response: <KeyPress from None: t=89.25838549993932, value=b, duration=None>
89.2666 	EXP 	New trial (rep=2, index=15): <Trial 55 (15 in rep 2) data={'word': 'YELLOW', 'color': 'pink', 'condition': 'Congruent', 'correctresponsekey': 'p', 'thisN': 55, 'thisTrialN': 15, 'thisRepN': 2}>
89.2722 	DATA 	Keypress: b
89.2826 	EXP 	target: autoDraw = False
89.2826 	EXP 	target: foreColor = <psychopy.colors.Color: pink, alpha=1.0>
89.2826 	EXP 	target: height = np.float64(0.05)
89.2826 	EXP 	target: height = np.float64(0.05)
89.2826 	EXP 	target: height = np.float64(0.05)
89.2826 	EXP 	target: text = 'YELLOW'
89.4167 	EXP 	Device response: <KeyPress from None: t=89.25838549993932, value=b, duration=0.15784809994511306>
90.2661 	INFO 	Keyboard events cleared
90.2659 	EXP 	target: autoDraw = True
90.8325 	EXP 	Device response: <KeyPress from None: t=90.81818439997733, value=b, duration=None>
90.8328 	EXP 	New trial (rep=2, index=16): <Trial 56 (16 in rep 2) data={'word': 'GLOOMY', 'color': 'pink', 'condition': 'Congruent', 'correctresponsekey': 'p', 'thisN': 56, 'thisTrialN': 16, 'thisRepN': 2}>
90.8383 	DATA 	Keypress: b
90.8484 	EXP 	target: autoDraw = False
90.8484 	EXP 	target: foreColor = <psychopy.colors.Color: pink, alpha=1.0>
90.8484 	EXP 	target: height = np.float64(0.05)
90.8484 	EXP 	target: height = np.float64(0.05)
90.8484 	EXP 	target: height = np.float64(0.05)
90.8484 	EXP 	target: text = 'GLOOMY'
90.9833 	EXP 	Device response: <KeyPress from None: t=90.81818439997733, value=b, duration=0.161939499899745>
91.8328 	INFO 	Keyboard events cleared
91.8326 	EXP 	target: autoDraw = True
92.2160 	EXP 	Device response: <KeyPress from None: t=92.20288920006715, value=b, duration=None>
92.2164 	EXP 	New trial (rep=2, index=17): <Trial 57 (17 in rep 2) data={'word': 'HATE', 'color': 'pink', 'condition': 'Congruent', 'correctresponsekey': 'p', 'thisN': 57, 'thisTrialN': 17, 'thisRepN': 2}>
92.2222 	DATA 	Keypress: b
92.2324 	EXP 	target: autoDraw = False
92.2324 	EXP 	target: foreColor = <psychopy.colors.Color: pink, alpha=1.0>
92.2324 	EXP 	target: height = np.float64(0.05)
92.2324 	EXP 	target: height = np.float64(0.05)
92.2324 	EXP 	target: height = np.float64(0.05)
92.2324 	EXP 	target: text = 'HATE'
92.3827 	EXP 	Device response: <KeyPress from None: t=92.20288920006715, value=b, duration=0.1667656998615712>
93.2155 	INFO 	Keyboard events cleared
93.2153 	EXP 	target: autoDraw = True
93.5664 	EXP 	Device response: <KeyPress from None: t=93.5632255000528, value=b, duration=None>
93.5667 	EXP 	New trial (rep=2, index=18): <Trial 58 (18 in rep 2) data={'word': 'LOVE', 'color': 'red', 'condition': 'Congruent', 'correctresponsekey': 'r', 'thisN': 58, 'thisTrialN': 18, 'thisRepN': 2}>
93.5717 	DATA 	Keypress: b
93.5821 	EXP 	target: autoDraw = False
93.5821 	EXP 	target: foreColor = <psychopy.colors.Color: red, alpha=1.0>
93.5821 	EXP 	target: height = np.float64(0.05)
93.5821 	EXP 	target: height = np.float64(0.05)
93.5821 	EXP 	target: height = np.float64(0.05)
93.5821 	EXP 	target: text = 'LOVE'
93.6996 	EXP 	Device response: <KeyPress from None: t=93.5632255000528, value=b, duration=0.13338759983889759>
94.5655 	INFO 	Keyboard events cleared
94.5653 	EXP 	target: autoDraw = True
94.7832 	EXP 	Device response: <KeyPress from None: t=94.77304079988971, value=b, duration=None>
94.7836 	EXP 	New trial (rep=2, index=19): <Trial 59 (19 in rep 2) data={'word': 'PENCIL', 'color': 'pink', 'condition': 'Incongruent', 'correctresponsekey': 'p', 'thisN': 59, 'thisTrialN': 19, 'thisRepN': 2}>
94.7913 	DATA 	Keypress: b
94.7991 	EXP 	target: autoDraw = False
94.7991 	EXP 	target: foreColor = <psychopy.colors.Color: pink, alpha=1.0>
94.7991 	EXP 	target: height = np.float64(0.05)
94.7991 	EXP 	target: height = np.float64(0.05)
94.7991 	EXP 	target: height = np.float64(0.05)
94.7991 	EXP 	target: text = 'PENCIL'
94.9499 	EXP 	Device response: <KeyPress from None: t=94.77304079988971, value=b, duration=0.17353420006111264>
95.7993 	INFO 	Keyboard events cleared
95.7991 	EXP 	target: autoDraw = True
96.3328 	EXP 	Device response: <KeyPress from None: t=96.32992210006341, value=k, duration=None>
96.3331 	EXP 	New trial (rep=3, index=0): <Trial 60 (0 in rep 3) data={'word': 'SPOON', 'color': 'yellow', 'condition': 'Incongruent', 'correctresponsekey': 'k', 'thisN': 60, 'thisTrialN': 0, 'thisRepN': 3}>
96.3384 	DATA 	Keypress: k
96.3488 	EXP 	target: autoDraw = False
96.3488 	EXP 	target: foreColor = <psychopy.colors.Color: yellow, alpha=1.0>
96.3488 	EXP 	target: height = np.float64(0.05)
96.3488 	EXP 	target: height = np.float64(0.05)
96.3488 	EXP 	target: height = np.float64(0.05)
96.3488 	EXP 	target: text = 'SPOON'
96.4327 	EXP 	Device response: <KeyPress from None: t=96.32992210006341, value=k, duration=0.10036409995518625>
97.3482 	INFO 	Keyboard events cleared
97.3481 	EXP 	target: autoDraw = True
97.9511 	DATA 	Keypress: k
97.9664 	EXP 	Device response: <KeyPress from None: t=97.94961360003799, value=k, duration=None>
97.9668 	EXP 	New trial (rep=3, index=1): <Trial 61 (1 in rep 3) data={'word': 'HATE', 'color': 'pink', 'condition': 'Congruent', 'correctresponsekey': 'p', 'thisN': 61, 'thisTrialN': 1, 'thisRepN': 3}>
97.9822 	EXP 	target: autoDraw = False
97.9822 	EXP 	target: foreColor = <psychopy.colors.Color: pink, alpha=1.0>
97.9822 	EXP 	target: height = np.float64(0.05)
97.9822 	EXP 	target: height = np.float64(0.05)
97.9822 	EXP 	target: height = np.float64(0.05)
97.9822 	EXP 	target: text = 'HATE'
98.0821 	EXP 	Device response: <KeyPress from None: t=97.94961360003799, value=k, duration=0.12548879999667406>
98.9825 	INFO 	Keyboard events cleared
98.9823 	EXP 	target: autoDraw = True
99.3992 	EXP 	Device response: <KeyPress from None: t=99.39682019990869, value=p, duration=None>
99.3996 	EXP 	New trial (rep=3, index=2): <Trial 62 (2 in rep 3) data={'word': 'FORK', 'color': 'red', 'condition': 'Incongruent', 'correctresponsekey': 'r', 'thisN': 62, 'thisTrialN': 2, 'thisRepN': 3}>
99.4064 	DATA 	Keypress: p
99.4158 	EXP 	target: autoDraw = False
99.4158 	EXP 	target: foreColor = <psychopy.colors.Color: red, alpha=1.0>
99.4158 	EXP 	target: height = np.float64(0.05)
99.4158 	EXP 	target: height = np.float64(0.05)
99.4158 	EXP 	target: height = np.float64(0.05)
99.4158 	EXP 	target: text = 'FORK'
99.5665 	EXP 	Device response: <KeyPress from None: t=99.39682019990869, value=p, duration=0.16468810010701418>
100.3992 	INFO 	Keyboard events cleared
100.3990 	EXP 	target: autoDraw = True
100.9323 	EXP 	Device response: <KeyPress from None: t=100.92881860001944, value=r, duration=None>
100.9327 	EXP 	New trial (rep=3, index=3): <Trial 63 (3 in rep 3) data={'word': 'HAPPY', 'color': 'yellow', 'condition': 'Congruent', 'correctresponsekey': 'k', 'thisN': 63, 'thisTrialN': 3, 'thisRepN': 3}>
100.9382 	DATA 	Keypress: r
100.9482 	EXP 	target: autoDraw = False
100.9482 	EXP 	target: foreColor = <psychopy.colors.Color: yellow, alpha=1.0>
100.9482 	EXP 	target: height = np.float64(0.05)
100.9482 	EXP 	target: height = np.float64(0.05)
100.9482 	EXP 	target: height = np.float64(0.05)
100.9482 	EXP 	target: text = 'HAPPY'
101.0823 	EXP 	Device response: <KeyPress from None: t=100.92881860001944, value=r, duration=0.1499043998774141>
101.9325 	INFO 	Keyboard events cleared
101.9323 	EXP 	target: autoDraw = True
102.5014 	EXP 	Device response: <KeyPress from None: t=102.50084410002455, value=k, duration=None>
102.5020 	EXP 	New trial (rep=3, index=4): <Trial 64 (4 in rep 3) data={'word': 'DISSAPPOINTED', 'color': 'blue', 'condition': 'Conguent', 'correctresponsekey': 'b', 'thisN': 64, 'thisTrialN': 4, 'thisRepN': 3}>
102.5170 	DATA 	Keypress: k
102.5209 	EXP 	target: autoDraw = False
102.5209 	EXP 	target: foreColor = <psychopy.colors.Color: blue, alpha=1.0>
102.5209 	EXP 	target: height = np.float64(0.05)
102.5209 	EXP 	target: height = np.float64(0.05)
102.5209 	EXP 	target: height = np.float64(0.05)
102.5209 	EXP 	target: text = 'DISSAPPOINTED'
102.6328 	EXP 	Device response: <KeyPress from None: t=102.50084410002455, value=k, duration=0.12404099991545081>
103.5158 	INFO 	Keyboard events cleared
103.5155 	EXP 	target: autoDraw = True
104.0664 	EXP 	Device response: <KeyPress from None: t=104.06338569987565, value=b, duration=None>
104.0671 	EXP 	New trial (rep=3, index=5): <Trial 65 (5 in rep 3) data={'word': 'YELLOW', 'color': 'pink', 'condition': 'Congruent', 'correctresponsekey': 'p', 'thisN': 65, 'thisTrialN': 5, 'thisRepN': 3}>
104.0800 	DATA 	Keypress: b
104.0844 	EXP 	target: autoDraw = False
104.0844 	EXP 	target: foreColor = <psychopy.colors.Color: pink, alpha=1.0>
104.0844 	EXP 	target: height = np.float64(0.05)
104.0844 	EXP 	target: height = np.float64(0.05)
104.0844 	EXP 	target: height = np.float64(0.05)
104.0844 	EXP 	target: text = 'YELLOW'
104.2001 	EXP 	Device response: <KeyPress from None: t=104.06338569987565, value=b, duration=0.13371700001880527>
105.0823 	INFO 	Keyboard events cleared
105.0820 	EXP 	target: autoDraw = True
105.7367 	DATA 	Keypress: k
105.7498 	EXP 	Device response: <KeyPress from None: t=105.73529729992151, value=k, duration=None>
105.7504 	EXP 	New trial (rep=3, index=6): <Trial 66 (6 in rep 3) data={'word': 'PINK', 'color': 'yellow', 'condition': 'Incongruent', 'correctresponsekey': 'k', 'thisN': 66, 'thisTrialN': 6, 'thisRepN': 3}>
105.7661 	EXP 	target: autoDraw = False
105.7661 	EXP 	target: foreColor = <psychopy.colors.Color: yellow, alpha=1.0>
105.7661 	EXP 	target: height = np.float64(0.05)
105.7661 	EXP 	target: height = np.float64(0.05)
105.7661 	EXP 	target: height = np.float64(0.05)
105.7661 	EXP 	target: text = 'PINK'
105.8828 	EXP 	Device response: <KeyPress from None: t=105.73529729992151, value=k, duration=0.13991280016489327>
106.7658 	INFO 	Keyboard events cleared
106.7655 	EXP 	target: autoDraw = True
107.2663 	EXP 	Device response: <KeyPress from None: t=107.26381650008261, value=k, duration=None>
107.2670 	EXP 	New trial (rep=3, index=7): <Trial 67 (7 in rep 3) data={'word': 'GLOOMY', 'color': 'pink', 'condition': 'Congruent', 'correctresponsekey': 'p', 'thisN': 67, 'thisTrialN': 7, 'thisRepN': 3}>
107.2787 	DATA 	Keypress: k
107.2826 	EXP 	target: autoDraw = False
107.2826 	EXP 	target: foreColor = <psychopy.colors.Color: pink, alpha=1.0>
107.2826 	EXP 	target: height = np.float64(0.05)
107.2826 	EXP 	target: height = np.float64(0.05)
107.2826 	EXP 	target: height = np.float64(0.05)
107.2826 	EXP 	target: text = 'GLOOMY'
107.3998 	EXP 	Device response: <KeyPress from None: t=107.26381650008261, value=k, duration=0.12968969997018576>
108.2824 	INFO 	Keyboard events cleared
108.2821 	EXP 	target: autoDraw = True
108.9868 	DATA 	Keypress: p
109.0000 	EXP 	Device response: <KeyPress from None: t=108.98485159990378, value=p, duration=None>
109.0007 	EXP 	New trial (rep=3, index=8): <Trial 68 (8 in rep 3) data={'word': 'GREEN', 'color': 'blue', 'condition': 'Incongruent', 'correctresponsekey': 'b', 'thisN': 68, 'thisTrialN': 8, 'thisRepN': 3}>
109.0154 	EXP 	target: autoDraw = False
109.0154 	EXP 	target: foreColor = <psychopy.colors.Color: blue, alpha=1.0>
109.0154 	EXP 	target: height = np.float64(0.05)
109.0154 	EXP 	target: height = np.float64(0.05)
109.0154 	EXP 	target: height = np.float64(0.05)
109.0154 	EXP 	target: text = 'GREEN'
109.1833 	EXP 	Device response: <KeyPress from None: t=108.98485159990378, value=p, duration=0.1950389000121504>
110.0158 	INFO 	Keyboard events cleared
110.0155 	EXP 	target: autoDraw = True
110.7491 	EXP 	Device response: <KeyPress from None: t=110.74047020007856, value=r, duration=None>
110.7498 	EXP 	New trial (rep=3, index=9): <Trial 69 (9 in rep 3) data={'word': 'CHANGE', 'color': 'yellow', 'condition': 'Incongruent', 'correctresponsekey': 'k', 'thisN': 69, 'thisTrialN': 9, 'thisRepN': 3}>
110.7596 	DATA 	Keypress: r
110.7649 	EXP 	target: autoDraw = False
110.7649 	EXP 	target: foreColor = <psychopy.colors.Color: yellow, alpha=1.0>
110.7649 	EXP 	target: height = np.float64(0.05)
110.7649 	EXP 	target: height = np.float64(0.05)
110.7649 	EXP 	target: height = np.float64(0.05)
110.7649 	EXP 	target: text = 'CHANGE'
110.9335 	EXP 	Device response: <KeyPress from None: t=110.74047020007856, value=r, duration=0.17905139992944896>
111.7491 	INFO 	Keyboard events cleared
111.7487 	EXP 	target: autoDraw = True
112.2667 	EXP 	Device response: <KeyPress from None: t=112.26425589993596, value=k, duration=None>
112.2674 	EXP 	New trial (rep=3, index=10): <Trial 70 (10 in rep 3) data={'word': 'SAD', 'color': 'blue', 'condition': 'Congruent', 'correctresponsekey': 'b', 'thisN': 70, 'thisTrialN': 10, 'thisRepN': 3}>
112.2794 	DATA 	Keypress: k
112.2833 	EXP 	target: autoDraw = False
112.2833 	EXP 	target: foreColor = <psychopy.colors.Color: blue, alpha=1.0>
112.2833 	EXP 	target: height = np.float64(0.05)
112.2833 	EXP 	target: height = np.float64(0.05)
112.2833 	EXP 	target: height = np.float64(0.05)
112.2833 	EXP 	target: text = 'SAD'
112.4151 	EXP 	Device response: <KeyPress from None: t=112.26425589993596, value=k, duration=0.13494969997555017>
113.2823 	INFO 	Keyboard events cleared
113.2821 	EXP 	target: autoDraw = True
113.8830 	EXP 	Device response: <KeyPress from None: t=113.87577569996938, value=b, duration=None>
113.8836 	EXP 	New trial (rep=3, index=11): <Trial 71 (11 in rep 3) data={'word': 'PENCIL', 'color': 'pink', 'condition': 'Incongruent', 'correctresponsekey': 'p', 'thisN': 71, 'thisTrialN': 11, 'thisRepN': 3}>
113.8966 	DATA 	Keypress: b
113.9006 	EXP 	target: autoDraw = False
113.9006 	EXP 	target: foreColor = <psychopy.colors.Color: pink, alpha=1.0>
113.9006 	EXP 	target: height = np.float64(0.05)
113.9006 	EXP 	target: height = np.float64(0.05)
113.9006 	EXP 	target: height = np.float64(0.05)
113.9006 	EXP 	target: text = 'PENCIL'
114.0164 	EXP 	Device response: <KeyPress from None: t=113.87577569996938, value=b, duration=0.13089550007134676>
114.8988 	INFO 	Keyboard events cleared
114.8985 	EXP 	target: autoDraw = True
115.4667 	EXP 	Device response: <KeyPress from None: t=115.46408040006645, value=p, duration=None>
115.4674 	EXP 	New trial (rep=3, index=12): <Trial 72 (12 in rep 3) data={'word': 'LOVE', 'color': 'red', 'condition': 'Congruent', 'correctresponsekey': 'r', 'thisN': 72, 'thisTrialN': 12, 'thisRepN': 3}>
115.4767 	DATA 	Keypress: p
115.4819 	EXP 	target: autoDraw = False
115.4819 	EXP 	target: foreColor = <psychopy.colors.Color: red, alpha=1.0>
115.4819 	EXP 	target: height = np.float64(0.05)
115.4819 	EXP 	target: height = np.float64(0.05)
115.4819 	EXP 	target: height = np.float64(0.05)
115.4819 	EXP 	target: text = 'LOVE'
115.7666 	EXP 	Device response: <KeyPress from None: t=115.46408040006645, value=p, duration=0.28526299982331693>
116.4656 	INFO 	Keyboard events cleared
116.4654 	EXP 	target: autoDraw = True
117.1662 	EXP 	Device response: <KeyPress from None: t=117.16422439995222, value=r, duration=None>
117.1668 	EXP 	New trial (rep=3, index=13): <Trial 73 (13 in rep 3) data={'word': 'KNIFE', 'color': 'blue', 'condition': 'Incongruent', 'correctresponsekey': 'b', 'thisN': 73, 'thisTrialN': 13, 'thisRepN': 3}>
117.1786 	DATA 	Keypress: r
117.1826 	EXP 	target: autoDraw = False
117.1826 	EXP 	target: foreColor = <psychopy.colors.Color: blue, alpha=1.0>
117.1826 	EXP 	target: height = np.float64(0.05)
117.1826 	EXP 	target: height = np.float64(0.05)
117.1826 	EXP 	target: height = np.float64(0.05)
117.1826 	EXP 	target: text = 'KNIFE'
117.3495 	EXP 	Device response: <KeyPress from None: t=117.16422439995222, value=r, duration=0.17459479998797178>
118.1825 	INFO 	Keyboard events cleared
118.1822 	EXP 	target: autoDraw = True
118.7829 	EXP 	Device response: <KeyPress from None: t=118.7751354998909, value=k, duration=None>
118.7832 	EXP 	New trial (rep=3, index=14): <Trial 74 (14 in rep 3) data={'word': 'RED', 'color': 'red', 'condition': 'Congruent', 'correctresponsekey': 'r', 'thisN': 74, 'thisTrialN': 14, 'thisRepN': 3}>
118.7875 	DATA 	Keypress: k
118.7988 	EXP 	target: autoDraw = False
118.7988 	EXP 	target: foreColor = <psychopy.colors.Color: red, alpha=1.0>
118.7988 	EXP 	target: height = np.float64(0.05)
118.7988 	EXP 	target: height = np.float64(0.05)
118.7988 	EXP 	target: height = np.float64(0.05)
118.7988 	EXP 	target: text = 'RED'
118.9321 	EXP 	Device response: <KeyPress from None: t=118.7751354998909, value=k, duration=0.15421730000525713>
119.7823 	INFO 	Keyboard events cleared
119.7821 	EXP 	target: autoDraw = True
120.1315 	EXP 	Device response: <KeyPress from None: t=120.1270067000296, value=p, duration=None>
120.1319 	EXP 	New trial (rep=3, index=15): <Trial 75 (15 in rep 3) data={'word': 'CHAIR', 'color': 'red', 'condition': 'Incongruent', 'correctresponsekey': 'r', 'thisN': 75, 'thisTrialN': 15, 'thisRepN': 3}>
120.1372 	DATA 	Keypress: p
120.1477 	EXP 	target: autoDraw = False
120.1477 	EXP 	target: foreColor = <psychopy.colors.Color: red, alpha=1.0>
120.1477 	EXP 	target: height = np.float64(0.05)
120.1477 	EXP 	target: height = np.float64(0.05)
120.1477 	EXP 	target: height = np.float64(0.05)
120.1477 	EXP 	target: text = 'CHAIR'
120.3321 	EXP 	Device response: <KeyPress from None: t=120.1270067000296, value=p, duration=0.2042367998510599>
121.1319 	INFO 	Keyboard events cleared
121.1316 	EXP 	target: autoDraw = True
121.4022 	DATA 	Keypress: p
121.4163 	EXP 	Device response: <KeyPress from None: t=121.40109499986283, value=p, duration=None>
121.4168 	EXP 	New trial (rep=3, index=16): <Trial 76 (16 in rep 3) data={'word': 'LIKE', 'color': 'blue', 'condition': 'Congruent', 'correctresponsekey': 'b', 'thisN': 76, 'thisTrialN': 16, 'thisRepN': 3}>
121.4316 	EXP 	target: autoDraw = False
121.4316 	EXP 	target: foreColor = <psychopy.colors.Color: blue, alpha=1.0>
121.4316 	EXP 	target: height = np.float64(0.05)
121.4316 	EXP 	target: height = np.float64(0.05)
121.4316 	EXP 	target: height = np.float64(0.05)
121.4316 	EXP 	target: text = 'LIKE'
121.5819 	EXP 	Device response: <KeyPress from None: t=121.40109499986283, value=p, duration=0.17885480006225407>
122.4322 	INFO 	Keyboard events cleared
122.4319 	EXP 	target: autoDraw = True
122.6998 	EXP 	Device response: <KeyPress from None: t=122.69709279993549, value=p, duration=None>
122.7005 	EXP 	New trial (rep=3, index=17): <Trial 77 (17 in rep 3) data={'word': 'TABLE', 'color': 'pink', 'condition': 'Incongruent', 'correctresponsekey': 'p', 'thisN': 77, 'thisTrialN': 17, 'thisRepN': 3}>
122.7133 	DATA 	Keypress: p
122.7182 	EXP 	target: autoDraw = False
122.7182 	EXP 	target: foreColor = <psychopy.colors.Color: pink, alpha=1.0>
122.7182 	EXP 	target: height = np.float64(0.05)
122.7182 	EXP 	target: height = np.float64(0.05)
122.7182 	EXP 	target: height = np.float64(0.05)
122.7182 	EXP 	target: text = 'TABLE'
122.9164 	EXP 	Device response: <KeyPress from None: t=122.69709279993549, value=p, duration=0.2041637001093477>
123.7157 	INFO 	Keyboard events cleared
123.7154 	EXP 	target: autoDraw = True
123.9536 	DATA 	Keypress: p
123.9665 	EXP 	Device response: <KeyPress from None: t=123.95122350007296, value=p, duration=None>
123.9672 	EXP 	New trial (rep=3, index=18): <Trial 78 (18 in rep 3) data={'word': 'ANGER', 'color': 'red', 'condition': 'Congruent', 'correctresponsekey': 'r', 'thisN': 78, 'thisTrialN': 18, 'thisRepN': 3}>
123.9813 	EXP 	target: autoDraw = False
123.9813 	EXP 	target: foreColor = <psychopy.colors.Color: red, alpha=1.0>
123.9813 	EXP 	target: height = np.float64(0.05)
123.9813 	EXP 	target: height = np.float64(0.05)
123.9813 	EXP 	target: height = np.float64(0.05)
123.9813 	EXP 	target: text = 'ANGER'
124.1355 	EXP 	Device response: <KeyPress from None: t=123.95122350007296, value=p, duration=0.18344189994968474>
124.9821 	INFO 	Keyboard events cleared
124.9818 	EXP 	target: autoDraw = True
125.4498 	EXP 	Device response: <KeyPress from None: t=125.44179300009273, value=b, duration=None>
125.4505 	EXP 	New trial (rep=3, index=19): <Trial 79 (19 in rep 3) data={'word': 'PEN', 'color': 'yellow', 'condition': 'Incongruent', 'correctresponsekey': 'k', 'thisN': 79, 'thisTrialN': 19, 'thisRepN': 3}>
125.4604 	DATA 	Keypress: b
125.4649 	EXP 	target: autoDraw = False
125.4649 	EXP 	target: foreColor = <psychopy.colors.Color: yellow, alpha=1.0>
125.4649 	EXP 	target: height = np.float64(0.05)
125.4649 	EXP 	target: height = np.float64(0.05)
125.4649 	EXP 	target: height = np.float64(0.05)
125.4649 	EXP 	target: text = 'PEN'
125.5836 	EXP 	Device response: <KeyPress from None: t=125.44179300009273, value=b, duration=0.13959759986028075>
126.4656 	INFO 	Keyboard events cleared
126.4653 	EXP 	target: autoDraw = True
127.0667 	EXP 	Device response: <KeyPress from None: t=127.05522669991478, value=k, duration=None>
127.0675 	EXP 	New trial (rep=4, index=0): <Trial 80 (0 in rep 4) data={'word': 'FORK', 'color': 'red', 'condition': 'Incongruent', 'correctresponsekey': 'r', 'thisN': 80, 'thisTrialN': 0, 'thisRepN': 4}>
127.0796 	DATA 	Keypress: k
127.0850 	EXP 	target: autoDraw = False
127.0850 	EXP 	target: foreColor = <psychopy.colors.Color: red, alpha=1.0>
127.0850 	EXP 	target: height = np.float64(0.05)
127.0850 	EXP 	target: height = np.float64(0.05)
127.0850 	EXP 	target: height = np.float64(0.05)
127.0850 	EXP 	target: text = 'FORK'
127.1665 	EXP 	Device response: <KeyPress from None: t=127.05522669991478, value=k, duration=0.10927430004812777>
128.0824 	INFO 	Keyboard events cleared
128.0821 	EXP 	target: autoDraw = True
128.6159 	EXP 	Device response: <KeyPress from None: t=128.61431859992445, value=p, duration=None>
128.6166 	EXP 	New trial (rep=4, index=1): <Trial 81 (1 in rep 4) data={'word': 'LOVE', 'color': 'red', 'condition': 'Congruent', 'correctresponsekey': 'r', 'thisN': 81, 'thisTrialN': 1, 'thisRepN': 4}>
128.6284 	DATA 	Keypress: p
128.6325 	EXP 	target: autoDraw = False
128.6325 	EXP 	target: foreColor = <psychopy.colors.Color: red, alpha=1.0>
128.6325 	EXP 	target: height = np.float64(0.05)
128.6325 	EXP 	target: height = np.float64(0.05)
128.6325 	EXP 	target: height = np.float64(0.05)
128.6325 	EXP 	target: text = 'LOVE'
128.7832 	EXP 	Device response: <KeyPress from None: t=128.61431859992445, value=p, duration=0.1535380999557674>
129.6310 	INFO 	Keyboard events cleared
129.6308 	EXP 	target: autoDraw = True
130.1694 	DATA 	Keypress: r
130.1834 	EXP 	Device response: <KeyPress from None: t=130.16645310004242, value=r, duration=None>
130.1838 	EXP 	New trial (rep=4, index=2): <Trial 82 (2 in rep 4) data={'word': 'GLOOMY', 'color': 'pink', 'condition': 'Congruent', 'correctresponsekey': 'p', 'thisN': 82, 'thisTrialN': 2, 'thisRepN': 4}>
130.1982 	EXP 	target: autoDraw = False
130.1982 	EXP 	target: foreColor = <psychopy.colors.Color: pink, alpha=1.0>
130.1982 	EXP 	target: height = np.float64(0.05)
130.1982 	EXP 	target: height = np.float64(0.05)
130.1982 	EXP 	target: height = np.float64(0.05)
130.1982 	EXP 	target: text = 'GLOOMY'
130.2998 	EXP 	Device response: <KeyPress from None: t=130.16645310004242, value=r, duration=0.13069080002605915>
131.1818 	INFO 	Keyboard events cleared
131.1814 	EXP 	target: autoDraw = True
131.9312 	EXP 	Device response: <KeyPress from None: t=131.92662560008466, value=p, duration=None>
131.9315 	EXP 	New trial (rep=4, index=3): <Trial 83 (3 in rep 4) data={'word': 'KNIFE', 'color': 'blue', 'condition': 'Incongruent', 'correctresponsekey': 'b', 'thisN': 83, 'thisTrialN': 3, 'thisRepN': 4}>
131.9370 	DATA 	Keypress: p
131.9475 	EXP 	target: autoDraw = False
131.9475 	EXP 	target: foreColor = <psychopy.colors.Color: blue, alpha=1.0>
131.9475 	EXP 	target: height = np.float64(0.05)
131.9475 	EXP 	target: height = np.float64(0.05)
131.9475 	EXP 	target: height = np.float64(0.05)
131.9475 	EXP 	target: text = 'KNIFE'
132.1332 	EXP 	Device response: <KeyPress from None: t=131.92662560008466, value=p, duration=0.19307109992951155>
132.9322 	INFO 	Keyboard events cleared
132.9320 	EXP 	target: autoDraw = True
133.4818 	EXP 	Device response: <KeyPress from None: t=133.47911749989726, value=p, duration=None>
133.4822 	EXP 	New trial (rep=4, index=4): <Trial 84 (4 in rep 4) data={'word': 'RED', 'color': 'red', 'condition': 'Congruent', 'correctresponsekey': 'r', 'thisN': 84, 'thisTrialN': 4, 'thisRepN': 4}>
133.4877 	DATA 	Keypress: p
133.4986 	EXP 	target: autoDraw = False
133.4986 	EXP 	target: foreColor = <psychopy.colors.Color: red, alpha=1.0>
133.4986 	EXP 	target: height = np.float64(0.05)
133.4986 	EXP 	target: height = np.float64(0.05)
133.4986 	EXP 	target: height = np.float64(0.05)
133.4986 	EXP 	target: text = 'RED'
133.6663 	EXP 	Device response: <KeyPress from None: t=133.47911749989726, value=p, duration=0.17771190009079874>
134.4819 	INFO 	Keyboard events cleared
134.4817 	EXP 	target: autoDraw = True
135.0685 	DATA 	Keypress: p
135.0820 	EXP 	Device response: <KeyPress from None: t=135.06776989996433, value=p, duration=None>
135.0824 	EXP 	New trial (rep=4, index=5): <Trial 85 (5 in rep 4) data={'word': 'SPOON', 'color': 'yellow', 'condition': 'Incongruent', 'correctresponsekey': 'k', 'thisN': 85, 'thisTrialN': 5, 'thisRepN': 4}>
135.0986 	EXP 	target: autoDraw = False
135.0986 	EXP 	target: foreColor = <psychopy.colors.Color: yellow, alpha=1.0>
135.0986 	EXP 	target: height = np.float64(0.05)
135.0986 	EXP 	target: height = np.float64(0.05)
135.0986 	EXP 	target: height = np.float64(0.05)
135.0986 	EXP 	target: text = 'SPOON'
135.2993 	EXP 	Device response: <KeyPress from None: t=135.06776989996433, value=p, duration=0.216260900022462>
136.0823 	INFO 	Keyboard events cleared
136.0821 	EXP 	target: autoDraw = True
136.3663 	EXP 	Device response: <KeyPress from None: t=136.35412089992315, value=p, duration=None>
136.3666 	EXP 	New trial (rep=4, index=6): <Trial 86 (6 in rep 4) data={'word': 'CHANGE', 'color': 'yellow', 'condition': 'Incongruent', 'correctresponsekey': 'k', 'thisN': 86, 'thisTrialN': 6, 'thisRepN': 4}>
136.3713 	DATA 	Keypress: p
136.3818 	EXP 	target: autoDraw = False
136.3818 	EXP 	target: foreColor = <psychopy.colors.Color: yellow, alpha=1.0>
136.3818 	EXP 	target: height = np.float64(0.05)
136.3818 	EXP 	target: height = np.float64(0.05)
136.3818 	EXP 	target: height = np.float64(0.05)
136.3818 	EXP 	target: text = 'CHANGE'
136.5315 	EXP 	Device response: <KeyPress from None: t=136.35412089992315, value=p, duration=0.17192530003376305>
137.3653 	INFO 	Keyboard events cleared
137.3651 	EXP 	target: autoDraw = True
137.9824 	EXP 	Device response: <KeyPress from None: t=137.9736291000154, value=k, duration=None>
137.9828 	EXP 	New trial (rep=4, index=7): <Trial 87 (7 in rep 4) data={'word': 'YELLOW', 'color': 'pink', 'condition': 'Congruent', 'correctresponsekey': 'p', 'thisN': 87, 'thisTrialN': 7, 'thisRepN': 4}>
137.9901 	DATA 	Keypress: k
137.9983 	EXP 	target: autoDraw = False
137.9983 	EXP 	target: foreColor = <psychopy.colors.Color: pink, alpha=1.0>
137.9983 	EXP 	target: height = np.float64(0.05)
137.9983 	EXP 	target: height = np.float64(0.05)
137.9983 	EXP 	target: height = np.float64(0.05)
137.9983 	EXP 	target: text = 'YELLOW'
138.1323 	EXP 	Device response: <KeyPress from None: t=137.9736291000154, value=k, duration=0.14348699990659952>
138.9820 	INFO 	Keyboard events cleared
138.9817 	EXP 	target: autoDraw = True
139.5872 	DATA 	Keypress: p
139.5995 	EXP 	Device response: <KeyPress from None: t=139.5852153999731, value=p, duration=None>
139.6004 	EXP 	New trial (rep=4, index=8): <Trial 88 (8 in rep 4) data={'word': 'SAD', 'color': 'blue', 'condition': 'Congruent', 'correctresponsekey': 'b', 'thisN': 88, 'thisTrialN': 8, 'thisRepN': 4}>
139.6168 	EXP 	target: autoDraw = False
139.6168 	EXP 	target: foreColor = <psychopy.colors.Color: blue, alpha=1.0>
139.6168 	EXP 	target: height = np.float64(0.05)
139.6168 	EXP 	target: height = np.float64(0.05)
139.6168 	EXP 	target: height = np.float64(0.05)
139.6168 	EXP 	target: text = 'SAD'
139.7660 	EXP 	Device response: <KeyPress from None: t=139.5852153999731, value=p, duration=0.16737310006283224>
140.6165 	INFO 	Keyboard events cleared
140.6162 	EXP 	target: autoDraw = True
141.3332 	EXP 	Device response: <KeyPress from None: t=141.329924199963, value=k, duration=None>
141.3343 	EXP 	New trial (rep=4, index=9): <Trial 89 (9 in rep 4) data={'word': 'PENCIL', 'color': 'pink', 'condition': 'Incongruent', 'correctresponsekey': 'p', 'thisN': 89, 'thisTrialN': 9, 'thisRepN': 4}>
141.3411 	DATA 	Keypress: k
141.3492 	EXP 	target: autoDraw = False
141.3492 	EXP 	target: foreColor = <psychopy.colors.Color: pink, alpha=1.0>
141.3492 	EXP 	target: height = np.float64(0.05)
141.3492 	EXP 	target: height = np.float64(0.05)
141.3492 	EXP 	target: height = np.float64(0.05)
141.3492 	EXP 	target: text = 'PENCIL'
141.4666 	EXP 	Device response: <KeyPress from None: t=141.329924199963, value=k, duration=0.12825529999099672>
142.3496 	INFO 	Keyboard events cleared
142.3493 	EXP 	target: autoDraw = True
142.6657 	EXP 	Device response: <KeyPress from None: t=142.65447529987432, value=p, duration=None>
142.6660 	EXP 	New trial (rep=4, index=10): <Trial 90 (10 in rep 4) data={'word': 'GREEN', 'color': 'blue', 'condition': 'Incongruent', 'correctresponsekey': 'b', 'thisN': 90, 'thisTrialN': 10, 'thisRepN': 4}>
142.6712 	DATA 	Keypress: p
142.6816 	EXP 	target: autoDraw = False
142.6816 	EXP 	target: foreColor = <psychopy.colors.Color: blue, alpha=1.0>
142.6816 	EXP 	target: height = np.float64(0.05)
142.6816 	EXP 	target: height = np.float64(0.05)
142.6816 	EXP 	target: height = np.float64(0.05)
142.6816 	EXP 	target: text = 'GREEN'
142.7998 	EXP 	Device response: <KeyPress from None: t=142.65447529987432, value=p, duration=0.14488600008189678>
143.6807 	INFO 	Keyboard events cleared
143.6806 	EXP 	target: autoDraw = True
144.0832 	EXP 	Device response: <KeyPress from None: t=144.06994610000402, value=k, duration=None>
144.0839 	EXP 	New trial (rep=4, index=11): <Trial 91 (11 in rep 4) data={'word': 'HAPPY', 'color': 'yellow', 'condition': 'Congruent', 'correctresponsekey': 'k', 'thisN': 91, 'thisTrialN': 11, 'thisRepN': 4}>
144.0967 	DATA 	Keypress: k
144.1012 	EXP 	target: autoDraw = False
144.1012 	EXP 	target: foreColor = <psychopy.colors.Color: yellow, alpha=1.0>
144.1012 	EXP 	target: height = np.float64(0.05)
144.1012 	EXP 	target: height = np.float64(0.05)
144.1012 	EXP 	target: height = np.float64(0.05)
144.1012 	EXP 	target: text = 'HAPPY'
144.2164 	EXP 	Device response: <KeyPress from None: t=144.06994610000402, value=k, duration=0.1448218000587076>
145.0990 	INFO 	Keyboard events cleared
145.0987 	EXP 	target: autoDraw = True
145.4992 	EXP 	Device response: <KeyPress from None: t=145.49824859993532, value=k, duration=None>
145.5002 	EXP 	New trial (rep=4, index=12): <Trial 92 (12 in rep 4) data={'word': 'ANGER', 'color': 'red', 'condition': 'Congruent', 'correctresponsekey': 'r', 'thisN': 92, 'thisTrialN': 12, 'thisRepN': 4}>
145.5058 	DATA 	Keypress: k
145.5152 	EXP 	target: autoDraw = False
145.5152 	EXP 	target: foreColor = <psychopy.colors.Color: red, alpha=1.0>
145.5152 	EXP 	target: height = np.float64(0.05)
145.5152 	EXP 	target: height = np.float64(0.05)
145.5152 	EXP 	target: height = np.float64(0.05)
145.5152 	EXP 	target: text = 'ANGER'
145.6663 	EXP 	Device response: <KeyPress from None: t=145.49824859993532, value=k, duration=0.16534380009397864>
146.5155 	INFO 	Keyboard events cleared
146.5152 	EXP 	target: autoDraw = True
147.1001 	EXP 	Device response: <KeyPress from None: t=147.0898504999932, value=p, duration=None>
147.1008 	EXP 	New trial (rep=4, index=13): <Trial 93 (13 in rep 4) data={'word': 'PINK', 'color': 'yellow', 'condition': 'Incongruent', 'correctresponsekey': 'k', 'thisN': 93, 'thisTrialN': 13, 'thisRepN': 4}>
147.1127 	DATA 	Keypress: p
147.1167 	EXP 	target: autoDraw = False
147.1167 	EXP 	target: foreColor = <psychopy.colors.Color: yellow, alpha=1.0>
147.1167 	EXP 	target: height = np.float64(0.05)
147.1167 	EXP 	target: height = np.float64(0.05)
147.1167 	EXP 	target: height = np.float64(0.05)
147.1167 	EXP 	target: text = 'PINK'
147.2995 	EXP 	Device response: <KeyPress from None: t=147.0898504999932, value=p, duration=0.1915998999029398>
148.1157 	INFO 	Keyboard events cleared
148.1154 	EXP 	target: autoDraw = True
148.4703 	DATA 	Keypress: p
148.4824 	EXP 	Device response: <KeyPress from None: t=148.4672356999945, value=p, duration=None>
148.4831 	EXP 	New trial (rep=4, index=14): <Trial 94 (14 in rep 4) data={'word': 'TABLE', 'color': 'pink', 'condition': 'Incongruent', 'correctresponsekey': 'p', 'thisN': 94, 'thisTrialN': 14, 'thisRepN': 4}>
148.4986 	EXP 	target: autoDraw = False
148.4986 	EXP 	target: foreColor = <psychopy.colors.Color: pink, alpha=1.0>
148.4986 	EXP 	target: height = np.float64(0.05)
148.4986 	EXP 	target: height = np.float64(0.05)
148.4986 	EXP 	target: height = np.float64(0.05)
148.4986 	EXP 	target: text = 'TABLE'
148.6492 	EXP 	Device response: <KeyPress from None: t=148.4672356999945, value=p, duration=0.17886779992841184>
149.4986 	INFO 	Keyboard events cleared
149.4983 	EXP 	target: autoDraw = True
149.6168 	EXP 	Device response: <KeyPress from None: t=149.6035418000538, value=k, duration=None>
149.6175 	EXP 	New trial (rep=4, index=15): <Trial 95 (15 in rep 4) data={'word': 'HATE', 'color': 'pink', 'condition': 'Congruent', 'correctresponsekey': 'p', 'thisN': 95, 'thisTrialN': 15, 'thisRepN': 4}>
149.6271 	DATA 	Keypress: k
149.6325 	EXP 	target: autoDraw = False
149.6325 	EXP 	target: foreColor = <psychopy.colors.Color: pink, alpha=1.0>
149.6325 	EXP 	target: height = np.float64(0.05)
149.6325 	EXP 	target: height = np.float64(0.05)
149.6325 	EXP 	target: height = np.float64(0.05)
149.6325 	EXP 	target: text = 'HATE'
149.7330 	EXP 	Device response: <KeyPress from None: t=149.6035418000538, value=k, duration=0.11700490000657737>
150.6320 	INFO 	Keyboard events cleared
150.6317 	EXP 	target: autoDraw = True
151.1157 	EXP 	Device response: <KeyPress from None: t=151.11330289999023, value=k, duration=None>
151.1164 	EXP 	New trial (rep=4, index=16): <Trial 96 (16 in rep 4) data={'word': 'DISSAPPOINTED', 'color': 'blue', 'condition': 'Conguent', 'correctresponsekey': 'b', 'thisN': 96, 'thisTrialN': 16, 'thisRepN': 4}>
151.1317 	DATA 	Keypress: k
151.1358 	EXP 	target: autoDraw = False
151.1358 	EXP 	target: foreColor = <psychopy.colors.Color: blue, alpha=1.0>
151.1358 	EXP 	target: height = np.float64(0.05)
151.1358 	EXP 	target: height = np.float64(0.05)
151.1358 	EXP 	target: height = np.float64(0.05)
151.1358 	EXP 	target: text = 'DISSAPPOINTED'
151.2489 	EXP 	Device response: <KeyPress from None: t=151.11330289999023, value=k, duration=0.13261319999583066>
152.1154 	INFO 	Keyboard events cleared
152.1151 	EXP 	target: autoDraw = True
152.8705 	DATA 	Keypress: b
152.8828 	EXP 	Device response: <KeyPress from None: t=152.8684964000713, value=b, duration=None>
152.8834 	EXP 	New trial (rep=4, index=17): <Trial 97 (17 in rep 4) data={'word': 'CHAIR', 'color': 'red', 'condition': 'Incongruent', 'correctresponsekey': 'r', 'thisN': 97, 'thisTrialN': 17, 'thisRepN': 4}>
152.8988 	EXP 	target: autoDraw = False
152.8988 	EXP 	target: foreColor = <psychopy.colors.Color: red, alpha=1.0>
152.8988 	EXP 	target: height = np.float64(0.05)
152.8988 	EXP 	target: height = np.float64(0.05)
152.8988 	EXP 	target: height = np.float64(0.05)
152.8988 	EXP 	target: text = 'CHAIR'
153.0325 	EXP 	Device response: <KeyPress from None: t=152.8684964000713, value=b, duration=0.15838639996945858>
153.8984 	INFO 	Keyboard events cleared
153.8981 	EXP 	target: autoDraw = True
154.4653 	EXP 	Device response: <KeyPress from None: t=154.4630247000605, value=r, duration=None>
154.4656 	EXP 	New trial (rep=4, index=18): <Trial 98 (18 in rep 4) data={'word': 'LIKE', 'color': 'blue', 'condition': 'Congruent', 'correctresponsekey': 'b', 'thisN': 98, 'thisTrialN': 18, 'thisRepN': 4}>
154.4713 	DATA 	Keypress: r
154.4819 	EXP 	target: autoDraw = False
154.4819 	EXP 	target: foreColor = <psychopy.colors.Color: blue, alpha=1.0>
154.4819 	EXP 	target: height = np.float64(0.05)
154.4819 	EXP 	target: height = np.float64(0.05)
154.4819 	EXP 	target: height = np.float64(0.05)
154.4819 	EXP 	target: text = 'LIKE'
154.5989 	EXP 	Device response: <KeyPress from None: t=154.4630247000605, value=r, duration=0.11945230001583695>
155.4650 	INFO 	Keyboard events cleared
155.4647 	EXP 	target: autoDraw = True
156.0360 	DATA 	Keypress: b
156.0492 	EXP 	Device response: <KeyPress from None: t=156.0348336000461, value=b, duration=None>
156.0499 	EXP 	New trial (rep=4, index=19): <Trial 99 (19 in rep 4) data={'word': 'PEN', 'color': 'yellow', 'condition': 'Incongruent', 'correctresponsekey': 'k', 'thisN': 99, 'thisTrialN': 19, 'thisRepN': 4}>
156.0644 	EXP 	target: autoDraw = False
156.0644 	EXP 	target: foreColor = <psychopy.colors.Color: yellow, alpha=1.0>
156.0644 	EXP 	target: height = np.float64(0.05)
156.0644 	EXP 	target: height = np.float64(0.05)
156.0644 	EXP 	target: height = np.float64(0.05)
156.0644 	EXP 	target: text = 'PEN'
156.1497 	EXP 	Device response: <KeyPress from None: t=156.0348336000461, value=b, duration=0.09959699981845915>
157.0652 	INFO 	Keyboard events cleared
157.0649 	EXP 	target: autoDraw = True
157.5326 	EXP 	Device response: <KeyPress from None: t=157.52123850001954, value=k, duration=None>
157.5352 	DATA 	Keypress: k
157.5477 	EXP 	target: autoDraw = False
157.5483 	EXP 	Solo Lab Project Bhumika Bajaj AU2320057 PSY310: status = STOPPED
157.5896 	INFO 	saved data to 'C:\\Users\\bhumika\\PSYLAB310\\Bhumika Bajaj Solo Lab Project PSY310 AU2320057\\data\\P1_Solo Lab Project Bhumika Bajaj AU2320057 PSY310_2025-11-24_17h44.42.718.csv'
157.5921 	INFO 	saved data to C:\Users\bhumika\PSYLAB310\Bhumika Bajaj Solo Lab Project PSY310 AU2320057\data\P1_Solo Lab Project Bhumika Bajaj AU2320057 PSY310_2025-11-24_17h44.42.718.psydat
158.0026 	WARNING 	Stopping key buffers but this could be dangerous ifother keyboards rely on the same.
158.0343 	WARNING 	Stopping key buffers but this could be dangerous ifother keyboards rely on the same.
158.0344 	WARNING 	Stopping key buffers but this could be dangerous ifother keyboards rely on the same.
